Warning: Permanently added '[localhost]:38161' (ED25519) to the list of known hosts.
1970/01/01 00:05:39 parsed 1 programs
buildroot login: [  368.413145][ T3095] cgroup: Unknown subsys name 'net'
[  369.003992][ T3095] cgroup: Unknown subsys name 'cpuset'
[  369.144382][ T3095] cgroup: Unknown subsys name 'rlimit'
[  397.969999][ T3095] Adding 124996k swap on ./swap-file.  Priority:0 extents:1 across:124996k 
[  419.874384][ T3125] soft_limit_in_bytes is deprecated and will be removed. Please report your usecase to linux-mm@kvack.org if you depend on this functionality.
[  475.801413][ T3348] bond0: (slave bond_slave_0): Enslaving as an active interface with an up link
[  475.920216][ T3348] bond0: (slave bond_slave_1): Enslaving as an active interface with an up link
[  481.477726][ T3348] hsr_slave_0: entered promiscuous mode
[  481.489422][ T3348] hsr_slave_1: entered promiscuous mode
[  485.121424][ T3348] netdevsim netdevsim2 netdevsim0: renamed from eth0
[  485.347351][ T3348] netdevsim netdevsim2 netdevsim1: renamed from eth1
[  485.453005][ T3348] netdevsim netdevsim2 netdevsim2: renamed from eth2
[  485.540182][ T3348] netdevsim netdevsim2 netdevsim3: renamed from eth3
[  489.553209][ T3348] 8021q: adding VLAN 0 to HW filter on device bond0
[  503.918948][ T3348] veth0_vlan: entered promiscuous mode
[  504.063523][ T3348] veth1_vlan: entered promiscuous mode
[  504.742972][ T3348] veth0_macvtap: entered promiscuous mode
[  504.908193][ T3348] veth1_macvtap: entered promiscuous mode
[  505.947916][   T39] netdevsim netdevsim2 netdevsim0: set [1, 0] type 2 family 0 port 6081 - 0
[  505.950918][   T39] netdevsim netdevsim2 netdevsim1: set [1, 0] type 2 family 0 port 6081 - 0
[  505.952371][   T39] netdevsim netdevsim2 netdevsim2: set [1, 0] type 2 family 0 port 6081 - 0
[  505.953611][   T39] netdevsim netdevsim2 netdevsim3: set [1, 0] type 2 family 0 port 6081 - 0
[  509.661758][ T3109] netdevsim netdevsim2 netdevsim3 (unregistering): unset [1, 0] type 2 family 0 port 6081 - 0
[  510.284486][ T3109] netdevsim netdevsim2 netdevsim2 (unregistering): unset [1, 0] type 2 family 0 port 6081 - 0
[  510.929203][ T3109] netdevsim netdevsim2 netdevsim1 (unregistering): unset [1, 0] type 2 family 0 port 6081 - 0
[  511.392534][ T3109] netdevsim netdevsim2 netdevsim0 (unregistering): unset [1, 0] type 2 family 0 port 6081 - 0
[  516.011516][ T3109] bond0 (unregistering): (slave bond_slave_0): Releasing backup interface
[  516.142475][ T3109] bond0 (unregistering): (slave bond_slave_1): Releasing backup interface
[  516.200026][ T3109] bond0 (unregistering): Released all slaves
[  516.955127][ T3109] hsr_slave_0: left promiscuous mode
[  516.988468][ T3109] hsr_slave_1: left promiscuous mode
[  517.068589][ T3109] veth1_macvtap: left promiscuous mode
[  517.070632][ T3109] veth0_macvtap: left promiscuous mode
[  517.072541][ T3109] veth1_vlan: left promiscuous mode
[  517.074308][ T3109] veth0_vlan: left promiscuous mode
1970/01/01 00:09:04 executed programs: 0
[  557.632892][ T3804] bond0: (slave bond_slave_0): Enslaving as an active interface with an up link
[  557.748822][ T3804] bond0: (slave bond_slave_1): Enslaving as an active interface with an up link
[  563.539066][ T3804] hsr_slave_0: entered promiscuous mode
[  563.571902][ T3804] hsr_slave_1: entered promiscuous mode
[  568.294284][ T3804] netdevsim netdevsim2 netdevsim0: renamed from eth0
[  568.364261][ T3804] netdevsim netdevsim2 netdevsim1: renamed from eth1
[  568.479432][ T3804] netdevsim netdevsim2 netdevsim2: renamed from eth2
[  568.664323][ T3804] netdevsim netdevsim2 netdevsim3: renamed from eth3
[  573.072576][ T3804] 8021q: adding VLAN 0 to HW filter on device bond0
[  585.902410][ T3804] veth0_vlan: entered promiscuous mode
[  586.055599][ T3804] veth1_vlan: entered promiscuous mode
[  586.616892][ T3804] veth0_macvtap: entered promiscuous mode
[  586.887456][ T3804] veth1_macvtap: entered promiscuous mode
[  587.648526][   T12] netdevsim netdevsim2 netdevsim0: set [1, 0] type 2 family 0 port 6081 - 0
[  587.650418][   T12] netdevsim netdevsim2 netdevsim1: set [1, 0] type 2 family 0 port 6081 - 0
[  587.729731][   T12] netdevsim netdevsim2 netdevsim2: set [1, 0] type 2 family 0 port 6081 - 0
[  587.732503][   T30] netdevsim netdevsim2 netdevsim3: set [1, 0] type 2 family 0 port 6081 - 0
1970/01/01 00:09:47 executed programs: 2
[  589.689524][ T4164] BUG: sleeping function called from invalid context at fs/inode.c:1928
[  589.691832][ T4164] in_atomic(): 1, irqs_disabled(): 0, non_block: 0, pid: 4164, name: syz.2.17
[  589.692495][ T4164] preempt_count: 1, expected: 0
[  589.692961][ T4164] RCU nest depth: 0, expected: 0
[  589.693498][ T4164] 2 locks held by syz.2.17/4164:
[  589.693977][ T4164]  #0: ff6000001b3a00e0 (&type->s_umount_key#47){+.+.}-{4:4}, at: deactivate_super+0x80/0x98
[  589.697823][ T4164]  #1: ff6000001b3a0998 (&s->s_inode_list_lock){+.+.}-{3:3}, at: hook_sb_delete+0x110/0xba0
[  589.699529][ T4164] Preemption disabled at:
[  589.699709][ T4164] [<ffffffff81458b24>] hook_sb_delete+0x110/0xba0
[  589.701105][ T4164] CPU: 0 UID: 0 PID: 4164 Comm: syz.2.17 Not tainted 6.18.0-rc1-gb7776a802f2f #1 PREEMPT 
[  589.701505][ T4164] Hardware name: riscv-virtio,qemu (DT)
[  589.701753][ T4164] Call Trace:
[  589.701921][ T4164] [<ffffffff80078af2>] dump_backtrace+0x32/0x3c
[  589.702171][ T4164] [<ffffffff80003298>] show_stack+0x30/0x3c
[  589.702354][ T4164] [<ffffffff8005fd36>] dump_stack_lvl+0x116/0x1ac
[  589.702615][ T4164] [<ffffffff8005fde8>] dump_stack+0x1c/0x28
[  589.702864][ T4164] [<ffffffff80215fc6>] __might_resched+0x3e2/0x604
[  589.703091][ T4164] [<ffffffff8021625a>] __might_sleep+0x72/0xf4
[  589.703307][ T4164] [<ffffffff80cef698>] iput+0x28/0xa84
[  589.703535][ T4164] [<ffffffff814590de>] hook_sb_delete+0x6ca/0xba0
[  589.703743][ T4164] [<ffffffff813726da>] security_sb_delete+0xaa/0x184
[  589.703974][ T4164] [<ffffffff80c77700>] generic_shutdown_super+0xb8/0x388
[  589.704207][ T4164] [<ffffffff80c77dac>] kill_litter_super+0x74/0xb0
[  589.704437][ T4164] [<ffffffff80c79952>] deactivate_locked_super+0xda/0x1ac
[  589.704676][ T4164] [<ffffffff80c79aaa>] deactivate_super+0x86/0x98
[  589.704913][ T4164] [<ffffffff80d0d462>] cleanup_mnt+0x1d2/0x3a4
[  589.705114][ T4164] [<ffffffff80d0d6e4>] __cleanup_mnt+0x20/0x28
[  589.705319][ T4164] [<ffffffff801df50c>] task_work_run+0x174/0x278
[  589.718725][ T4164] [<ffffffff803df1d0>] exit_to_user_mode_loop+0x110/0x144
[  589.718931][ T4164] [<ffffffff86394a04>] do_trap_ecall_u+0x44c/0x5d8
[  589.719126][ T4164] [<ffffffff863beeaa>] handle_exception+0x146/0x152
[  591.353003][ T4166] BUG: sleeping function called from invalid context at fs/inode.c:1928
[  591.354161][ T4166] in_atomic(): 1, irqs_disabled(): 0, non_block: 0, pid: 4166, name: syz.2.19
[  591.354928][ T4166] preempt_count: 1, expected: 0
[  591.368346][ T4166] RCU nest depth: 0, expected: 0
[  591.369044][ T4166] 2 locks held by syz.2.19/4166:
[  591.369663][ T4166]  #0: ff600000349940e0 (&type->s_umount_key#47){+.+.}-{4:4}, at: deactivate_super+0x80/0x98
[  591.371954][ T4166]  #1: ff60000034994998 (&s->s_inode_list_lock){+.+.}-{3:3}, at: hook_sb_delete+0x110/0xba0
[  591.373826][ T4166] Preemption disabled at:
[  591.374026][ T4166] [<ffffffff81458b24>] hook_sb_delete+0x110/0xba0
[  591.382491][ T4166] CPU: 0 UID: 0 PID: 4166 Comm: syz.2.19 Tainted: G        W           6.18.0-rc1-gb7776a802f2f #1 PREEMPT 
[  591.382910][ T4166] Tainted: [W]=WARN
[  591.383003][ T4166] Hardware name: riscv-virtio,qemu (DT)
[  591.383091][ T4166] Call Trace:
[  591.383178][ T4166] [<ffffffff80078af2>] dump_backtrace+0x32/0x3c
[  591.383471][ T4166] [<ffffffff80003298>] show_stack+0x30/0x3c
[  591.383656][ T4166] [<ffffffff8005fd36>] dump_stack_lvl+0x116/0x1ac
[  591.383925][ T4166] [<ffffffff8005fde8>] dump_stack+0x1c/0x28
[  591.384182][ T4166] [<ffffffff80215fc6>] __might_resched+0x3e2/0x604
[  591.384422][ T4166] [<ffffffff8021625a>] __might_sleep+0x72/0xf4
[  591.384660][ T4166] [<ffffffff80cef698>] iput+0x28/0xa84
[  591.384906][ T4166] [<ffffffff814590de>] hook_sb_delete+0x6ca/0xba0
[  591.385128][ T4166] [<ffffffff813726da>] security_sb_delete+0xaa/0x184
[  591.385378][ T4166] [<ffffffff80c77700>] generic_shutdown_super+0xb8/0x388
[  591.385687][ T4166] [<ffffffff80c77dac>] kill_litter_super+0x74/0xb0
[  591.385946][ T4166] [<ffffffff80c79952>] deactivate_locked_super+0xda/0x1ac
[  591.386204][ T4166] [<ffffffff80c79aaa>] deactivate_super+0x86/0x98
[  591.386488][ T4166] [<ffffffff80d0d462>] cleanup_mnt+0x1d2/0x3a4
[  591.386716][ T4166] [<ffffffff80d0d6e4>] __cleanup_mnt+0x20/0x28
[  591.386948][ T4166] [<ffffffff801df50c>] task_work_run+0x174/0x278
[  591.387168][ T4166] [<ffffffff803df1d0>] exit_to_user_mode_loop+0x110/0x144
[  591.387385][ T4166] [<ffffffff86394a04>] do_trap_ecall_u+0x44c/0x5d8
[  591.387597][ T4166] [<ffffffff863beeaa>] handle_exception+0x146/0x152
[  592.817105][ T4168] BUG: sleeping function called from invalid context at fs/inode.c:1928
[  592.818495][ T4168] in_atomic(): 1, irqs_disabled(): 0, non_block: 0, pid: 4168, name: syz.2.21
[  592.819197][ T4168] preempt_count: 1, expected: 0
[  592.819689][ T4168] RCU nest depth: 0, expected: 0
[  592.820178][ T4168] 2 locks held by syz.2.21/4168:
[  592.820663][ T4168]  #0: ff6000001c5f00e0 (&type->s_umount_key#47){+.+.}-{4:4}, at: deactivate_super+0x80/0x98
[  592.822608][ T4168]  #1: ff6000001c5f0998 (&s->s_inode_list_lock){+.+.}-{3:3}, at: hook_sb_delete+0x110/0xba0
[  592.836524][ T4168] Preemption disabled at:
[  592.836720][ T4168] [<ffffffff81458b24>] hook_sb_delete+0x110/0xba0
[  592.837672][ T4168] CPU: 0 UID: 0 PID: 4168 Comm: syz.2.21 Tainted: G        W           6.18.0-rc1-gb7776a802f2f #1 PREEMPT 
[  592.837917][ T4168] Tainted: [W]=WARN
[  592.837985][ T4168] Hardware name: riscv-virtio,qemu (DT)
[  592.838065][ T4168] Call Trace:
[  592.838141][ T4168] [<ffffffff80078af2>] dump_backtrace+0x32/0x3c
[  592.838379][ T4168] [<ffffffff80003298>] show_stack+0x30/0x3c
[  592.838560][ T4168] [<ffffffff8005fd36>] dump_stack_lvl+0x116/0x1ac
[  592.838822][ T4168] [<ffffffff8005fde8>] dump_stack+0x1c/0x28
[  592.839069][ T4168] [<ffffffff80215fc6>] __might_resched+0x3e2/0x604
[  592.839288][ T4168] [<ffffffff8021625a>] __might_sleep+0x72/0xf4
[  592.839497][ T4168] [<ffffffff80cef698>] iput+0x28/0xa84
[  592.839739][ T4168] [<ffffffff814590de>] hook_sb_delete+0x6ca/0xba0
[  592.839947][ T4168] [<ffffffff813726da>] security_sb_delete+0xaa/0x184
[  592.840174][ T4168] [<ffffffff80c77700>] generic_shutdown_super+0xb8/0x388
[  592.840406][ T4168] [<ffffffff80c77dac>] kill_litter_super+0x74/0xb0
[  592.840640][ T4168] [<ffffffff80c79952>] deactivate_locked_super+0xda/0x1ac
[  592.840874][ T4168] [<ffffffff80c79aaa>] deactivate_super+0x86/0x98
[  592.841101][ T4168] [<ffffffff80d0d462>] cleanup_mnt+0x1d2/0x3a4
[  592.841299][ T4168] [<ffffffff80d0d6e4>] __cleanup_mnt+0x20/0x28
[  592.841502][ T4168] [<ffffffff801df50c>] task_work_run+0x174/0x278
[  592.841685][ T4168] [<ffffffff803df1d0>] exit_to_user_mode_loop+0x110/0x144
[  592.841878][ T4168] [<ffffffff86394a04>] do_trap_ecall_u+0x44c/0x5d8
[  592.842070][ T4168] [<ffffffff863beeaa>] handle_exception+0x146/0x152
[  594.237823][ T4170] BUG: sleeping function called from invalid context at fs/inode.c:1928
[  594.238599][ T4170] in_atomic(): 1, irqs_disabled(): 0, non_block: 0, pid: 4170, name: syz.2.23
[  594.239170][ T4170] preempt_count: 1, expected: 0
[  594.239600][ T4170] RCU nest depth: 0, expected: 0
[  594.240035][ T4170] 2 locks held by syz.2.23/4170:
[  594.240490][ T4170]  #0: ff6000001bd2c0e0 (&type->s_umount_key#47){+.+.}-{4:4}, at: deactivate_super+0x80/0x98
[  594.242283][ T4170]  #1: ff6000001bd2c998 (&s->s_inode_list_lock){+.+.}-{3:3}, at: hook_sb_delete+0x110/0xba0
[  594.244578][ T4170] Preemption disabled at:
[  594.244767][ T4170] [<ffffffff81458b24>] hook_sb_delete+0x110/0xba0
[  594.257011][ T4170] CPU: 1 UID: 0 PID: 4170 Comm: syz.2.23 Tainted: G        W           6.18.0-rc1-gb7776a802f2f #1 PREEMPT 
[  594.257316][ T4170] Tainted: [W]=WARN
[  594.257386][ T4170] Hardware name: riscv-virtio,qemu (DT)
[  594.257465][ T4170] Call Trace:
[  594.257543][ T4170] [<ffffffff80078af2>] dump_backtrace+0x32/0x3c
[  594.257801][ T4170] [<ffffffff80003298>] show_stack+0x30/0x3c
[  594.257979][ T4170] [<ffffffff8005fd36>] dump_stack_lvl+0x116/0x1ac
[  594.258239][ T4170] [<ffffffff8005fde8>] dump_stack+0x1c/0x28
[  594.258491][ T4170] [<ffffffff80215fc6>] __might_resched+0x3e2/0x604
[  594.258710][ T4170] [<ffffffff8021625a>] __might_sleep+0x72/0xf4
[  594.258922][ T4170] [<ffffffff80cef698>] iput+0x28/0xa84
[  594.259145][ T4170] [<ffffffff814590de>] hook_sb_delete+0x6ca/0xba0
[  594.259358][ T4170] [<ffffffff813726da>] security_sb_delete+0xaa/0x184
[  594.259588][ T4170] [<ffffffff80c77700>] generic_shutdown_super+0xb8/0x388
[  594.259834][ T4170] [<ffffffff80c77dac>] kill_litter_super+0x74/0xb0
[  594.260060][ T4170] [<ffffffff80c79952>] deactivate_locked_super+0xda/0x1ac
[  594.260306][ T4170] [<ffffffff80c79aaa>] deactivate_super+0x86/0x98
[  594.260616][ T4170] [<ffffffff80d0d462>] cleanup_mnt+0x1d2/0x3a4
[  594.260822][ T4170] [<ffffffff80d0d6e4>] __cleanup_mnt+0x20/0x28
[  594.261026][ T4170] [<ffffffff801df50c>] task_work_run+0x174/0x278
[  594.261213][ T4170] [<ffffffff803df1d0>] exit_to_user_mode_loop+0x110/0x144
[  594.261403][ T4170] [<ffffffff86394a04>] do_trap_ecall_u+0x44c/0x5d8
[  594.261593][ T4170] [<ffffffff863beeaa>] handle_exception+0x146/0x152
1970/01/01 00:09:52 executed programs: 9
[  595.907696][ T4172] BUG: sleeping function called from invalid context at fs/inode.c:1928
[  595.908483][ T4172] in_atomic(): 1, irqs_disabled(): 0, non_block: 0, pid: 4172, name: syz.2.25
[  595.909119][ T4172] preempt_count: 1, expected: 0
[  595.909594][ T4172] RCU nest depth: 0, expected: 0
[  595.910225][ T4172] 2 locks held by syz.2.25/4172:
[  595.916173][ T4172]  #0: ff60000032c400e0 (&type->s_umount_key#47){+.+.}-{4:4}, at: deactivate_super+0x80/0x98
[  595.918180][ T4172]  #1: ff60000032c40998 (&s->s_inode_list_lock){+.+.}-{3:3}, at: hook_sb_delete+0x110/0xba0
[  595.919791][ T4172] Preemption disabled at:
[  595.919959][ T4172] [<ffffffff81458b24>] hook_sb_delete+0x110/0xba0
[  595.926321][ T4172] CPU: 1 UID: 0 PID: 4172 Comm: syz.2.25 Tainted: G        W           6.18.0-rc1-gb7776a802f2f #1 PREEMPT 
[  595.926618][ T4172] Tainted: [W]=WARN
[  595.926688][ T4172] Hardware name: riscv-virtio,qemu (DT)
[  595.926767][ T4172] Call Trace:
[  595.926846][ T4172] [<ffffffff80078af2>] dump_backtrace+0x32/0x3c
[  595.927106][ T4172] [<ffffffff80003298>] show_stack+0x30/0x3c
[  595.927286][ T4172] [<ffffffff8005fd36>] dump_stack_lvl+0x116/0x1ac
[  595.927544][ T4172] [<ffffffff8005fde8>] dump_stack+0x1c/0x28
[  595.927795][ T4172] [<ffffffff80215fc6>] __might_resched+0x3e2/0x604
[  595.928012][ T4172] [<ffffffff8021625a>] __might_sleep+0x72/0xf4
[  595.928224][ T4172] [<ffffffff80cef698>] iput+0x28/0xa84
[  595.928444][ T4172] [<ffffffff814590de>] hook_sb_delete+0x6ca/0xba0
[  595.928648][ T4172] [<ffffffff813726da>] security_sb_delete+0xaa/0x184
[  595.928873][ T4172] [<ffffffff80c77700>] generic_shutdown_super+0xb8/0x388
[  595.929103][ T4172] [<ffffffff80c77dac>] kill_litter_super+0x74/0xb0
[  595.929328][ T4172] [<ffffffff80c79952>] deactivate_locked_super+0xda/0x1ac
[  595.929568][ T4172] [<ffffffff80c79aaa>] deactivate_super+0x86/0x98
[  595.929802][ T4172] [<ffffffff80d0d462>] cleanup_mnt+0x1d2/0x3a4
[  595.929999][ T4172] [<ffffffff80d0d6e4>] __cleanup_mnt+0x20/0x28
[  595.930197][ T4172] [<ffffffff801df50c>] task_work_run+0x174/0x278
[  595.930383][ T4172] [<ffffffff803df1d0>] exit_to_user_mode_loop+0x110/0x144
[  595.930573][ T4172] [<ffffffff86394a04>] do_trap_ecall_u+0x44c/0x5d8
[  595.930763][ T4172] [<ffffffff863beeaa>] handle_exception+0x146/0x152
[  597.207325][ T4174] BUG: sleeping function called from invalid context at fs/inode.c:1928
[  597.208133][ T4174] in_atomic(): 1, irqs_disabled(): 0, non_block: 0, pid: 4174, name: syz.2.27
[  597.208770][ T4174] preempt_count: 1, expected: 0
[  597.209236][ T4174] RCU nest depth: 0, expected: 0
[  597.209705][ T4174] 2 locks held by syz.2.27/4174:
[  597.210198][ T4174]  #0: ff6000001c1b20e0 (&type->s_umount_key#47){+.+.}-{4:4}, at: deactivate_super+0x80/0x98
[  597.212076][ T4174]  #1: ff6000001c1b2998 (&s->s_inode_list_lock){+.+.}-{3:3}, at: hook_sb_delete+0x110/0xba0
[  597.225891][ T4174] Preemption disabled at:
[  597.226084][ T4174] [<ffffffff81458b24>] hook_sb_delete+0x110/0xba0
[  597.227185][ T4174] CPU: 0 UID: 0 PID: 4174 Comm: syz.2.27 Tainted: G        W           6.18.0-rc1-gb7776a802f2f #1 PREEMPT 
[  597.227492][ T4174] Tainted: [W]=WARN
[  597.227565][ T4174] Hardware name: riscv-virtio,qemu (DT)
[  597.227645][ T4174] Call Trace:
[  597.227723][ T4174] [<ffffffff80078af2>] dump_backtrace+0x32/0x3c
[  597.227983][ T4174] [<ffffffff80003298>] show_stack+0x30/0x3c
[  597.228166][ T4174] [<ffffffff8005fd36>] dump_stack_lvl+0x116/0x1ac
[  597.228422][ T4174] [<ffffffff8005fde8>] dump_stack+0x1c/0x28
[  597.228684][ T4174] [<ffffffff80215fc6>] __might_resched+0x3e2/0x604
[  597.228906][ T4174] [<ffffffff8021625a>] __might_sleep+0x72/0xf4
[  597.229124][ T4174] [<ffffffff80cef698>] iput+0x28/0xa84
[  597.229358][ T4174] [<ffffffff814590de>] hook_sb_delete+0x6ca/0xba0
[  597.229607][ T4174] [<ffffffff813726da>] security_sb_delete+0xaa/0x184
[  597.229860][ T4174] [<ffffffff80c77700>] generic_shutdown_super+0xb8/0x388
[  597.230115][ T4174] [<ffffffff80c77dac>] kill_litter_super+0x74/0xb0
[  597.230349][ T4174] [<ffffffff80c79952>] deactivate_locked_super+0xda/0x1ac
[  597.230600][ T4174] [<ffffffff80c79aaa>] deactivate_super+0x86/0x98
[  597.230840][ T4174] [<ffffffff80d0d462>] cleanup_mnt+0x1d2/0x3a4
[  597.231051][ T4174] [<ffffffff80d0d6e4>] __cleanup_mnt+0x20/0x28
[  597.231258][ T4174] [<ffffffff801df50c>] task_work_run+0x174/0x278
[  597.231446][ T4174] [<ffffffff803df1d0>] exit_to_user_mode_loop+0x110/0x144
[  597.231643][ T4174] [<ffffffff86394a04>] do_trap_ecall_u+0x44c/0x5d8
[  597.231838][ T4174] [<ffffffff863beeaa>] handle_exception+0x146/0x152
[  598.622266][ T4176] BUG: sleeping function called from invalid context at fs/inode.c:1928
[  598.623185][ T4176] in_atomic(): 1, irqs_disabled(): 0, non_block: 0, pid: 4176, name: syz.2.29
[  598.623857][ T4176] preempt_count: 1, expected: 0
[  598.624351][ T4176] RCU nest depth: 0, expected: 0
[  598.624829][ T4176] 2 locks held by syz.2.29/4176:
[  598.625311][ T4176]  #0: ff60000032c480e0 (&type->s_umount_key#47){+.+.}-{4:4}, at: deactivate_super+0x80/0x98
[  598.637142][ T4176]  #1: ff60000032c48998 (&s->s_inode_list_lock){+.+.}-{3:3}, at: hook_sb_delete+0x110/0xba0
[  598.638841][ T4176] Preemption disabled at:
[  598.639025][ T4176] [<ffffffff81458b24>] hook_sb_delete+0x110/0xba0
[  598.640003][ T4176] CPU: 0 UID: 0 PID: 4176 Comm: syz.2.29 Tainted: G        W           6.18.0-rc1-gb7776a802f2f #1 PREEMPT 
[  598.640256][ T4176] Tainted: [W]=WARN
[  598.640326][ T4176] Hardware name: riscv-virtio,qemu (DT)
[  598.640405][ T4176] Call Trace:
[  598.640482][ T4176] [<ffffffff80078af2>] dump_backtrace+0x32/0x3c
[  598.640722][ T4176] [<ffffffff80003298>] show_stack+0x30/0x3c
[  598.640903][ T4176] [<ffffffff8005fd36>] dump_stack_lvl+0x116/0x1ac
[  598.641166][ T4176] [<ffffffff8005fde8>] dump_stack+0x1c/0x28
[  598.641414][ T4176] [<ffffffff80215fc6>] __might_resched+0x3e2/0x604
[  598.641639][ T4176] [<ffffffff8021625a>] __might_sleep+0x72/0xf4
[  598.641852][ T4176] [<ffffffff80cef698>] iput+0x28/0xa84
[  598.642080][ T4176] [<ffffffff814590de>] hook_sb_delete+0x6ca/0xba0
[  598.642293][ T4176] [<ffffffff813726da>] security_sb_delete+0xaa/0x184
[  598.642529][ T4176] [<ffffffff80c77700>] generic_shutdown_super+0xb8/0x388
[  598.642762][ T4176] [<ffffffff80c77dac>] kill_litter_super+0x74/0xb0
[  598.642991][ T4176] [<ffffffff80c79952>] deactivate_locked_super+0xda/0x1ac
[  598.643226][ T4176] [<ffffffff80c79aaa>] deactivate_super+0x86/0x98
[  598.643456][ T4176] [<ffffffff80d0d462>] cleanup_mnt+0x1d2/0x3a4
[  598.643660][ T4176] [<ffffffff80d0d6e4>] __cleanup_mnt+0x20/0x28
[  598.643868][ T4176] [<ffffffff801df50c>] task_work_run+0x174/0x278
[  598.644072][ T4176] [<ffffffff803df1d0>] exit_to_user_mode_loop+0x110/0x144
[  598.644286][ T4176] [<ffffffff86394a04>] do_trap_ecall_u+0x44c/0x5d8
[  598.644501][ T4176] [<ffffffff863beeaa>] handle_exception+0x146/0x152
1970/01/01 00:09:57 executed programs: 16
[  600.239715][ T4178] BUG: sleeping function called from invalid context at fs/inode.c:1928
[  600.240903][ T4178] in_atomic(): 1, irqs_disabled(): 0, non_block: 0, pid: 4178, name: syz.2.31
[  600.241679][ T4178] preempt_count: 1, expected: 0
[  600.242207][ T4178] RCU nest depth: 0, expected: 0
[  600.242731][ T4178] 2 locks held by syz.2.31/4178:
[  600.252374][ T4178]  #0: ff600000339a00e0 (&type->s_umount_key#47){+.+.}-{4:4}, at: deactivate_super+0x80/0x98
[  600.254549][ T4178]  #1: ff600000339a0998 (&s->s_inode_list_lock){+.+.}-{3:3}, at: hook_sb_delete+0x110/0xba0
[  600.256896][ T4178] Preemption disabled at:
[  600.257107][ T4178] [<ffffffff81458b24>] hook_sb_delete+0x110/0xba0
[  600.258138][ T4178] CPU: 1 UID: 0 PID: 4178 Comm: syz.2.31 Tainted: G        W           6.18.0-rc1-gb7776a802f2f #1 PREEMPT 
[  600.258415][ T4178] Tainted: [W]=WARN
[  600.258488][ T4178] Hardware name: riscv-virtio,qemu (DT)
[  600.258574][ T4178] Call Trace:
[  600.258661][ T4178] [<ffffffff80078af2>] dump_backtrace+0x32/0x3c
[  600.258923][ T4178] [<ffffffff80003298>] show_stack+0x30/0x3c
[  600.259111][ T4178] [<ffffffff8005fd36>] dump_stack_lvl+0x116/0x1ac
[  600.259380][ T4178] [<ffffffff8005fde8>] dump_stack+0x1c/0x28
[  600.259674][ T4178] [<ffffffff80215fc6>] __might_resched+0x3e2/0x604
[  600.259953][ T4178] [<ffffffff8021625a>] __might_sleep+0x72/0xf4
[  600.260203][ T4178] [<ffffffff80cef698>] iput+0x28/0xa84
[  600.260465][ T4178] [<ffffffff814590de>] hook_sb_delete+0x6ca/0xba0
[  600.260693][ T4178] [<ffffffff813726da>] security_sb_delete+0xaa/0x184
[  600.260957][ T4178] [<ffffffff80c77700>] generic_shutdown_super+0xb8/0x388
[  600.261222][ T4178] [<ffffffff80c77dac>] kill_litter_super+0x74/0xb0
[  600.261481][ T4178] [<ffffffff80c79952>] deactivate_locked_super+0xda/0x1ac
[  600.261741][ T4178] [<ffffffff80c79aaa>] deactivate_super+0x86/0x98
[  600.261995][ T4178] [<ffffffff80d0d462>] cleanup_mnt+0x1d2/0x3a4
[  600.262210][ T4178] [<ffffffff80d0d6e4>] __cleanup_mnt+0x20/0x28
[  600.262441][ T4178] [<ffffffff801df50c>] task_work_run+0x174/0x278
[  600.262640][ T4178] [<ffffffff803df1d0>] exit_to_user_mode_loop+0x110/0x144
[  600.262849][ T4178] [<ffffffff86394a04>] do_trap_ecall_u+0x44c/0x5d8
[  600.263060][ T4178] [<ffffffff863beeaa>] handle_exception+0x146/0x152
[  601.604333][ T4180] BUG: sleeping function called from invalid context at fs/inode.c:1928
[  601.605926][ T4180] in_atomic(): 1, irqs_disabled(): 0, non_block: 0, pid: 4180, name: syz.2.33
[  601.606600][ T4180] preempt_count: 1, expected: 0
[  601.607067][ T4180] RCU nest depth: 0, expected: 0
[  601.607545][ T4180] 2 locks held by syz.2.33/4180:
[  601.608031][ T4180]  #0: ff600000193280e0 (&type->s_umount_key#47){+.+.}-{4:4}, at: deactivate_super+0x80/0x98
[  601.609908][ T4180]  #1: ff60000019328998 (&s->s_inode_list_lock){+.+.}-{3:3}, at: hook_sb_delete+0x110/0xba0
[  601.611555][ T4180] Preemption disabled at:
[  601.611725][ T4180] [<ffffffff81458b24>] hook_sb_delete+0x110/0xba0
[  601.612673][ T4180] CPU: 0 UID: 0 PID: 4180 Comm: syz.2.33 Tainted: G        W           6.18.0-rc1-gb7776a802f2f #1 PREEMPT 
[  601.612901][ T4180] Tainted: [W]=WARN
[  601.612967][ T4180] Hardware name: riscv-virtio,qemu (DT)
[  601.613046][ T4180] Call Trace:
[  601.613119][ T4180] [<ffffffff80078af2>] dump_backtrace+0x32/0x3c
[  601.613354][ T4180] [<ffffffff80003298>] show_stack+0x30/0x3c
[  601.613531][ T4180] [<ffffffff8005fd36>] dump_stack_lvl+0x116/0x1ac
[  601.613783][ T4180] [<ffffffff8005fde8>] dump_stack+0x1c/0x28
[  601.614030][ T4180] [<ffffffff80215fc6>] __might_resched+0x3e2/0x604
[  601.614248][ T4180] [<ffffffff8021625a>] __might_sleep+0x72/0xf4
[  601.614466][ T4180] [<ffffffff80cef698>] iput+0x28/0xa84
[  601.614689][ T4180] [<ffffffff814590de>] hook_sb_delete+0x6ca/0xba0
[  601.614896][ T4180] [<ffffffff813726da>] security_sb_delete+0xaa/0x184
[  601.615128][ T4180] [<ffffffff80c77700>] generic_shutdown_super+0xb8/0x388
[  601.615356][ T4180] [<ffffffff80c77dac>] kill_litter_super+0x74/0xb0
[  601.626718][ T4180] [<ffffffff80c79952>] deactivate_locked_super+0xda/0x1ac
[  601.626964][ T4180] [<ffffffff80c79aaa>] deactivate_super+0x86/0x98
[  601.627195][ T4180] [<ffffffff80d0d462>] cleanup_mnt+0x1d2/0x3a4
[  601.627396][ T4180] [<ffffffff80d0d6e4>] __cleanup_mnt+0x20/0x28
[  601.627596][ T4180] [<ffffffff801df50c>] task_work_run+0x174/0x278
[  601.627783][ T4180] [<ffffffff803df1d0>] exit_to_user_mode_loop+0x110/0x144
[  601.627975][ T4180] [<ffffffff86394a04>] do_trap_ecall_u+0x44c/0x5d8
[  601.628166][ T4180] [<ffffffff863beeaa>] handle_exception+0x146/0x152
[  602.851538][ T4182] BUG: sleeping function called from invalid context at fs/inode.c:1928
[  602.853146][ T4182] in_atomic(): 1, irqs_disabled(): 0, non_block: 0, pid: 4182, name: syz.2.35
[  602.854214][ T4182] preempt_count: 1, expected: 0
[  602.854926][ T4182] RCU nest depth: 0, expected: 0
[  602.856880][ T4182] 2 locks held by syz.2.35/4182:
[  602.857753][ T4182]  #0: ff6000001c38a0e0 (&type->s_umount_key#47){+.+.}-{4:4}, at: deactivate_super+0x80/0x98
[  602.865190][ T4182]  #1: ff6000001c38a998 (&s->s_inode_list_lock){+.+.}-{3:3}, at: hook_sb_delete+0x110/0xba0
[  602.868238][ T4182] Preemption disabled at:
[  602.868446][ T4182] [<ffffffff81458b24>] hook_sb_delete+0x110/0xba0
[  602.877102][ T4182] CPU: 0 UID: 0 PID: 4182 Comm: syz.2.35 Tainted: G        W           6.18.0-rc1-gb7776a802f2f #1 PREEMPT 
[  602.877429][ T4182] Tainted: [W]=WARN
[  602.877510][ T4182] Hardware name: riscv-virtio,qemu (DT)
[  602.877596][ T4182] Call Trace:
[  602.877682][ T4182] [<ffffffff80078af2>] dump_backtrace+0x32/0x3c
[  602.877966][ T4182] [<ffffffff80003298>] show_stack+0x30/0x3c
[  602.878156][ T4182] [<ffffffff8005fd36>] dump_stack_lvl+0x116/0x1ac
[  602.878430][ T4182] [<ffffffff8005fde8>] dump_stack+0x1c/0x28
[  602.878692][ T4182] [<ffffffff80215fc6>] __might_resched+0x3e2/0x604
[  602.878916][ T4182] [<ffffffff8021625a>] __might_sleep+0x72/0xf4
[  602.879139][ T4182] [<ffffffff80cef698>] iput+0x28/0xa84
[  602.879367][ T4182] [<ffffffff814590de>] hook_sb_delete+0x6ca/0xba0
[  602.879572][ T4182] [<ffffffff813726da>] security_sb_delete+0xaa/0x184
[  602.879805][ T4182] [<ffffffff80c77700>] generic_shutdown_super+0xb8/0x388
[  602.880037][ T4182] [<ffffffff80c77dac>] kill_litter_super+0x74/0xb0
[  602.880261][ T4182] [<ffffffff80c79952>] deactivate_locked_super+0xda/0x1ac
[  602.880498][ T4182] [<ffffffff80c79aaa>] deactivate_super+0x86/0x98
[  602.880731][ T4182] [<ffffffff80d0d462>] cleanup_mnt+0x1d2/0x3a4
[  602.880931][ T4182] [<ffffffff80d0d6e4>] __cleanup_mnt+0x20/0x28
[  602.881136][ T4182] [<ffffffff801df50c>] task_work_run+0x174/0x278
[  602.881330][ T4182] [<ffffffff803df1d0>] exit_to_user_mode_loop+0x110/0x144
[  602.881522][ T4182] [<ffffffff86394a04>] do_trap_ecall_u+0x44c/0x5d8
[  602.881714][ T4182] [<ffffffff863beeaa>] handle_exception+0x146/0x152
[  604.602535][ T4185] BUG: sleeping function called from invalid context at fs/inode.c:1928
[  604.603354][ T4185] in_atomic(): 1, irqs_disabled(): 0, non_block: 0, pid: 4185, name: syz.2.38
[  604.616868][ T4185] preempt_count: 1, expected: 0
[  604.617518][ T4185] RCU nest depth: 0, expected: 0
[  604.618026][ T4185] 2 locks held by syz.2.38/4185:
[  604.618682][ T4185]  #0: ff60000032f1e0e0 (&type->s_umount_key#47){+.+.}-{4:4}, at: deactivate_super+0x80/0x98
[  604.620902][ T4185]  #1: ff60000032f1e998 (&s->s_inode_list_lock){+.+.}-{3:3}, at: hook_sb_delete+0x110/0xba0
[  604.627146][ T4185] Preemption disabled at:
[  604.627347][ T4185] [<ffffffff81458b24>] hook_sb_delete+0x110/0xba0
[  604.635247][ T4185] CPU: 1 UID: 0 PID: 4185 Comm: syz.2.38 Tainted: G        W           6.18.0-rc1-gb7776a802f2f #1 PREEMPT 
[  604.635572][ T4185] Tainted: [W]=WARN
[  604.635645][ T4185] Hardware name: riscv-virtio,qemu (DT)
[  604.635727][ T4185] Call Trace:
[  604.635810][ T4185] [<ffffffff80078af2>] dump_backtrace+0x32/0x3c
[  604.636069][ T4185] [<ffffffff80003298>] show_stack+0x30/0x3c
[  604.636254][ T4185] [<ffffffff8005fd36>] dump_stack_lvl+0x116/0x1ac
[  604.636512][ T4185] [<ffffffff8005fde8>] dump_stack+0x1c/0x28
[  604.636762][ T4185] [<ffffffff80215fc6>] __might_resched+0x3e2/0x604
[  604.636983][ T4185] [<ffffffff8021625a>] __might_sleep+0x72/0xf4
[  604.637205][ T4185] [<ffffffff80cef698>] iput+0x28/0xa84
[  604.637430][ T4185] [<ffffffff814590de>] hook_sb_delete+0x6ca/0xba0
[  604.637639][ T4185] [<ffffffff813726da>] security_sb_delete+0xaa/0x184
[  604.637870][ T4185] [<ffffffff80c77700>] generic_shutdown_super+0xb8/0x388
[  604.638111][ T4185] [<ffffffff80c77dac>] kill_litter_super+0x74/0xb0
[  604.638338][ T4185] [<ffffffff80c79952>] deactivate_locked_super+0xda/0x1ac
[  604.638586][ T4185] [<ffffffff80c79aaa>] deactivate_super+0x86/0x98
[  604.638816][ T4185] [<ffffffff80d0d462>] cleanup_mnt+0x1d2/0x3a4
[  604.639020][ T4185] [<ffffffff80d0d6e4>] __cleanup_mnt+0x20/0x28
[  604.639223][ T4185] [<ffffffff801df50c>] task_work_run+0x174/0x278
[  604.639410][ T4185] [<ffffffff803df1d0>] exit_to_user_mode_loop+0x110/0x144
[  604.639604][ T4185] [<ffffffff86394a04>] do_trap_ecall_u+0x44c/0x5d8
[  604.639798][ T4185] [<ffffffff863beeaa>] handle_exception+0x146/0x152
1970/01/01 00:10:02 executed programs: 24
[  605.999243][ T4187] BUG: sleeping function called from invalid context at fs/inode.c:1928
[  606.000462][ T4187] in_atomic(): 1, irqs_disabled(): 0, non_block: 0, pid: 4187, name: syz.2.40
[  606.001139][ T4187] preempt_count: 1, expected: 0
[  606.001612][ T4187] RCU nest depth: 0, expected: 0
[  606.002082][ T4187] 2 locks held by syz.2.40/4187:
[  606.002571][ T4187]  #0: ff6000001d4c80e0 (&type->s_umount_key#47){+.+.}-{4:4}, at: deactivate_super+0x80/0x98
[  606.004482][ T4187]  #1: ff6000001d4c8998 (&s->s_inode_list_lock){+.+.}-{3:3}, at: hook_sb_delete+0x110/0xba0
[  606.020968][ T4187] Preemption disabled at:
[  606.021190][ T4187] [<ffffffff81458b24>] hook_sb_delete+0x110/0xba0
[  606.022198][ T4187] CPU: 1 UID: 0 PID: 4187 Comm: syz.2.40 Tainted: G        W           6.18.0-rc1-gb7776a802f2f #1 PREEMPT 
[  606.022466][ T4187] Tainted: [W]=WARN
[  606.022537][ T4187] Hardware name: riscv-virtio,qemu (DT)
[  606.022633][ T4187] Call Trace:
[  606.022713][ T4187] [<ffffffff80078af2>] dump_backtrace+0x32/0x3c
[  606.022954][ T4187] [<ffffffff80003298>] show_stack+0x30/0x3c
[  606.023137][ T4187] [<ffffffff8005fd36>] dump_stack_lvl+0x116/0x1ac
[  606.023401][ T4187] [<ffffffff8005fde8>] dump_stack+0x1c/0x28
[  606.023666][ T4187] [<ffffffff80215fc6>] __might_resched+0x3e2/0x604
[  606.023887][ T4187] [<ffffffff8021625a>] __might_sleep+0x72/0xf4
[  606.024106][ T4187] [<ffffffff80cef698>] iput+0x28/0xa84
[  606.024336][ T4187] [<ffffffff814590de>] hook_sb_delete+0x6ca/0xba0
[  606.024544][ T4187] [<ffffffff813726da>] security_sb_delete+0xaa/0x184
[  606.024779][ T4187] [<ffffffff80c77700>] generic_shutdown_super+0xb8/0x388
[  606.025025][ T4187] [<ffffffff80c77dac>] kill_litter_super+0x74/0xb0
[  606.025260][ T4187] [<ffffffff80c79952>] deactivate_locked_super+0xda/0x1ac
[  606.025505][ T4187] [<ffffffff80c79aaa>] deactivate_super+0x86/0x98
[  606.025737][ T4187] [<ffffffff80d0d462>] cleanup_mnt+0x1d2/0x3a4
[  606.025940][ T4187] [<ffffffff80d0d6e4>] __cleanup_mnt+0x20/0x28
[  606.026148][ T4187] [<ffffffff801df50c>] task_work_run+0x174/0x278
[  606.026338][ T4187] [<ffffffff803df1d0>] exit_to_user_mode_loop+0x110/0x144
[  606.038731][ T4187] [<ffffffff86394a04>] do_trap_ecall_u+0x44c/0x5d8
[  606.038976][ T4187] [<ffffffff863beeaa>] handle_exception+0x146/0x152
[  607.368953][ T4189] BUG: sleeping function called from invalid context at fs/inode.c:1928
[  607.374113][ T4189] in_atomic(): 1, irqs_disabled(): 0, non_block: 0, pid: 4189, name: syz.2.42
[  607.374776][ T4189] preempt_count: 1, expected: 0
[  607.378979][ T4189] RCU nest depth: 0, expected: 0
[  607.379662][ T4189] 2 locks held by syz.2.42/4189:
[  607.380175][ T4189]  #0: ff6000001be900e0 (&type->s_umount_key#47){+.+.}-{4:4}, at: deactivate_super+0x80/0x98
[  607.382088][ T4189]  #1: ff6000001be90998 (&s->s_inode_list_lock){+.+.}-{3:3}, at: hook_sb_delete+0x110/0xba0
[  607.383701][ T4189] Preemption disabled at:
[  607.383872][ T4189] [<ffffffff81458b24>] hook_sb_delete+0x110/0xba0
[  607.394115][ T4189] CPU: 1 UID: 0 PID: 4189 Comm: syz.2.42 Tainted: G        W           6.18.0-rc1-gb7776a802f2f #1 PREEMPT 
[  607.394392][ T4189] Tainted: [W]=WARN
[  607.394462][ T4189] Hardware name: riscv-virtio,qemu (DT)
[  607.394540][ T4189] Call Trace:
[  607.394617][ T4189] [<ffffffff80078af2>] dump_backtrace+0x32/0x3c
[  607.394875][ T4189] [<ffffffff80003298>] show_stack+0x30/0x3c
[  607.395056][ T4189] [<ffffffff8005fd36>] dump_stack_lvl+0x116/0x1ac
[  607.395312][ T4189] [<ffffffff8005fde8>] dump_stack+0x1c/0x28
[  607.395580][ T4189] [<ffffffff80215fc6>] __might_resched+0x3e2/0x604
[  607.395806][ T4189] [<ffffffff8021625a>] __might_sleep+0x72/0xf4
[  607.396021][ T4189] [<ffffffff80cef698>] iput+0x28/0xa84
[  607.396243][ T4189] [<ffffffff814590de>] hook_sb_delete+0x6ca/0xba0
[  607.396458][ T4189] [<ffffffff813726da>] security_sb_delete+0xaa/0x184
[  607.396686][ T4189] [<ffffffff80c77700>] generic_shutdown_super+0xb8/0x388
[  607.396914][ T4189] [<ffffffff80c77dac>] kill_litter_super+0x74/0xb0
[  607.397142][ T4189] [<ffffffff80c79952>] deactivate_locked_super+0xda/0x1ac
[  607.397375][ T4189] [<ffffffff80c79aaa>] deactivate_super+0x86/0x98
[  607.397611][ T4189] [<ffffffff80d0d462>] cleanup_mnt+0x1d2/0x3a4
[  607.397813][ T4189] [<ffffffff80d0d6e4>] __cleanup_mnt+0x20/0x28
[  607.398016][ T4189] [<ffffffff801df50c>] task_work_run+0x174/0x278
[  607.398199][ T4189] [<ffffffff803df1d0>] exit_to_user_mode_loop+0x110/0x144
[  607.398396][ T4189] [<ffffffff86394a04>] do_trap_ecall_u+0x44c/0x5d8
[  607.398590][ T4189] [<ffffffff863beeaa>] handle_exception+0x146/0x152
[  608.888751][ T4191] BUG: sleeping function called from invalid context at fs/inode.c:1928
[  608.890071][ T4191] in_atomic(): 1, irqs_disabled(): 0, non_block: 0, pid: 4191, name: syz.2.44
[  608.891179][ T4191] preempt_count: 1, expected: 0
[  608.891919][ T4191] RCU nest depth: 0, expected: 0
[  608.892601][ T4191] 2 locks held by syz.2.44/4191:
[  608.893284][ T4191]  #0: ff6000001921c0e0 (&type->s_umount_key#47){+.+.}-{4:4}, at: deactivate_super+0x80/0x98
[  608.896680][ T4191]  #1: ff6000001921c998 (&s->s_inode_list_lock){+.+.}-{3:3}, at: hook_sb_delete+0x110/0xba0
[  608.898935][ T4191] Preemption disabled at:
[  608.899115][ T4191] [<ffffffff81458b24>] hook_sb_delete+0x110/0xba0
[  608.900450][ T4191] CPU: 0 UID: 0 PID: 4191 Comm: syz.2.44 Tainted: G        W           6.18.0-rc1-gb7776a802f2f #1 PREEMPT 
[  608.900695][ T4191] Tainted: [W]=WARN
[  608.900762][ T4191] Hardware name: riscv-virtio,qemu (DT)
[  608.900842][ T4191] Call Trace:
[  608.900919][ T4191] [<ffffffff80078af2>] dump_backtrace+0x32/0x3c
[  608.901155][ T4191] [<ffffffff80003298>] show_stack+0x30/0x3c
[  608.901335][ T4191] [<ffffffff8005fd36>] dump_stack_lvl+0x116/0x1ac
[  608.901593][ T4191] [<ffffffff8005fde8>] dump_stack+0x1c/0x28
[  608.901848][ T4191] [<ffffffff80215fc6>] __might_resched+0x3e2/0x604
[  608.902069][ T4191] [<ffffffff8021625a>] __might_sleep+0x72/0xf4
[  608.902280][ T4191] [<ffffffff80cef698>] iput+0x28/0xa84
[  608.902508][ T4191] [<ffffffff814590de>] hook_sb_delete+0x6ca/0xba0
[  608.902715][ T4191] [<ffffffff813726da>] security_sb_delete+0xaa/0x184
[  608.903001][ T4191] [<ffffffff80c77700>] generic_shutdown_super+0xb8/0x388
[  608.903243][ T4191] [<ffffffff80c77dac>] kill_litter_super+0x74/0xb0
[  608.903480][ T4191] [<ffffffff80c79952>] deactivate_locked_super+0xda/0x1ac
[  608.903717][ T4191] [<ffffffff80c79aaa>] deactivate_super+0x86/0x98
[  608.903948][ T4191] [<ffffffff80d0d462>] cleanup_mnt+0x1d2/0x3a4
[  608.904152][ T4191] [<ffffffff80d0d6e4>] __cleanup_mnt+0x20/0x28
[  608.904354][ T4191] [<ffffffff801df50c>] task_work_run+0x174/0x278
[  608.904546][ T4191] [<ffffffff803df1d0>] exit_to_user_mode_loop+0x110/0x144
[  608.904742][ T4191] [<ffffffff86394a04>] do_trap_ecall_u+0x44c/0x5d8
[  608.904937][ T4191] [<ffffffff863beeaa>] handle_exception+0x146/0x152
[  610.148740][ T4193] BUG: sleeping function called from invalid context at fs/inode.c:1928
[  610.149628][ T4193] in_atomic(): 1, irqs_disabled(): 0, non_block: 0, pid: 4193, name: syz.2.46
[  610.150259][ T4193] preempt_count: 1, expected: 0
[  610.150774][ T4193] RCU nest depth: 0, expected: 0
[  610.164316][ T4193] 2 locks held by syz.2.46/4193:
[  610.164952][ T4193]  #0: ff600000338b60e0 (&type->s_umount_key#47){+.+.}-{4:4}, at: deactivate_super+0x80/0x98
[  610.166973][ T4193]  #1: ff600000338b6998 (&s->s_inode_list_lock){+.+.}-{3:3}, at: hook_sb_delete+0x110/0xba0
[  610.169767][ T4193] Preemption disabled at:
[  610.170011][ T4193] [<ffffffff81458b24>] hook_sb_delete+0x110/0xba0
[  610.171420][ T4193] CPU: 1 UID: 0 PID: 4193 Comm: syz.2.46 Tainted: G        W           6.18.0-rc1-gb7776a802f2f #1 PREEMPT 
[  610.171717][ T4193] Tainted: [W]=WARN
[  610.171791][ T4193] Hardware name: riscv-virtio,qemu (DT)
[  610.171876][ T4193] Call Trace:
[  610.171961][ T4193] [<ffffffff80078af2>] dump_backtrace+0x32/0x3c
[  610.172235][ T4193] [<ffffffff80003298>] show_stack+0x30/0x3c
[  610.172424][ T4193] [<ffffffff8005fd36>] dump_stack_lvl+0x116/0x1ac
[  610.172694][ T4193] [<ffffffff8005fde8>] dump_stack+0x1c/0x28
[  610.172970][ T4193] [<ffffffff80215fc6>] __might_resched+0x3e2/0x604
[  610.173211][ T4193] [<ffffffff8021625a>] __might_sleep+0x72/0xf4
[  610.173448][ T4193] [<ffffffff80cef698>] iput+0x28/0xa84
[  610.173700][ T4193] [<ffffffff814590de>] hook_sb_delete+0x6ca/0xba0
[  610.173929][ T4193] [<ffffffff813726da>] security_sb_delete+0xaa/0x184
[  610.174181][ T4193] [<ffffffff80c77700>] generic_shutdown_super+0xb8/0x388
[  610.174447][ T4193] [<ffffffff80c77dac>] kill_litter_super+0x74/0xb0
[  610.174706][ T4193] [<ffffffff80c79952>] deactivate_locked_super+0xda/0x1ac
[  610.174965][ T4193] [<ffffffff80c79aaa>] deactivate_super+0x86/0x98
[  610.175220][ T4193] [<ffffffff80d0d462>] cleanup_mnt+0x1d2/0x3a4
[  610.186583][ T4193] [<ffffffff80d0d6e4>] __cleanup_mnt+0x20/0x28
[  610.186851][ T4193] [<ffffffff801df50c>] task_work_run+0x174/0x278
[  610.187050][ T4193] [<ffffffff803df1d0>] exit_to_user_mode_loop+0x110/0x144
[  610.187248][ T4193] [<ffffffff86394a04>] do_trap_ecall_u+0x44c/0x5d8
[  610.187451][ T4193] [<ffffffff863beeaa>] handle_exception+0x146/0x152
1970/01/01 00:10:08 executed programs: 32
[  611.874795][ T4195] BUG: sleeping function called from invalid context at fs/inode.c:1928
[  611.878137][ T4195] in_atomic(): 1, irqs_disabled(): 0, non_block: 0, pid: 4195, name: syz.2.48
[  611.887155][ T4195] preempt_count: 1, expected: 0
[  611.888113][ T4195] RCU nest depth: 0, expected: 0
[  611.888866][ T4195] 2 locks held by syz.2.48/4195:
[  611.894540][ T4195]  #0: ff60000019e920e0 (&type->s_umount_key#47){+.+.}-{4:4}, at: deactivate_super+0x80/0x98
[  611.897718][ T4195]  #1: ff60000019e92998 (&s->s_inode_list_lock){+.+.}-{3:3}, at: hook_sb_delete+0x110/0xba0
[  611.899750][ T4195] Preemption disabled at:
[  611.899924][ T4195] [<ffffffff81458b24>] hook_sb_delete+0x110/0xba0
[  611.902286][ T4195] CPU: 0 UID: 0 PID: 4195 Comm: syz.2.48 Tainted: G        W           6.18.0-rc1-gb7776a802f2f #1 PREEMPT 
[  611.904038][ T4195] Tainted: [W]=WARN
[  611.904110][ T4195] Hardware name: riscv-virtio,qemu (DT)
[  611.904191][ T4195] Call Trace:
[  611.904273][ T4195] [<ffffffff80078af2>] dump_backtrace+0x32/0x3c
[  611.904532][ T4195] [<ffffffff80003298>] show_stack+0x30/0x3c
[  611.904711][ T4195] [<ffffffff8005fd36>] dump_stack_lvl+0x116/0x1ac
[  611.904972][ T4195] [<ffffffff8005fde8>] dump_stack+0x1c/0x28
[  611.905225][ T4195] [<ffffffff80215fc6>] __might_resched+0x3e2/0x604
[  611.906060][ T4195] [<ffffffff8021625a>] __might_sleep+0x72/0xf4
[  611.906281][ T4195] [<ffffffff80cef698>] iput+0x28/0xa84
[  611.906515][ T4195] [<ffffffff814590de>] hook_sb_delete+0x6ca/0xba0
[  611.906726][ T4195] [<ffffffff813726da>] security_sb_delete+0xaa/0x184
[  611.906962][ T4195] [<ffffffff80c77700>] generic_shutdown_super+0xb8/0x388
[  611.907218][ T4195] [<ffffffff80c77dac>] kill_litter_super+0x74/0xb0
[  611.907453][ T4195] [<ffffffff80c79952>] deactivate_locked_super+0xda/0x1ac
[  611.907694][ T4195] [<ffffffff80c79aaa>] deactivate_super+0x86/0x98
[  611.907931][ T4195] [<ffffffff80d0d462>] cleanup_mnt+0x1d2/0x3a4
[  611.908137][ T4195] [<ffffffff80d0d6e4>] __cleanup_mnt+0x20/0x28
[  611.908340][ T4195] [<ffffffff801df50c>] task_work_run+0x174/0x278
[  611.908529][ T4195] [<ffffffff803df1d0>] exit_to_user_mode_loop+0x110/0x144
[  611.908724][ T4195] [<ffffffff86394a04>] do_trap_ecall_u+0x44c/0x5d8
[  611.908920][ T4195] [<ffffffff863beeaa>] handle_exception+0x146/0x152
[  613.104784][ T4197] BUG: sleeping function called from invalid context at fs/inode.c:1928
[  613.106072][ T4197] in_atomic(): 1, irqs_disabled(): 0, non_block: 0, pid: 4197, name: syz.2.50
[  613.106782][ T4197] preempt_count: 1, expected: 0
[  613.107304][ T4197] RCU nest depth: 0, expected: 0
[  613.107759][ T4197] 2 locks held by syz.2.50/4197:
[  613.108237][ T4197]  #0: ff6000001c16e0e0 (&type->s_umount_key#47){+.+.}-{4:4}, at: deactivate_super+0x80/0x98
[  613.110185][ T4197]  #1: ff6000001c16e998 (&s->s_inode_list_lock){+.+.}-{3:3}, at: hook_sb_delete+0x110/0xba0
[  613.111753][ T4197] Preemption disabled at:
[  613.111925][ T4197] [<ffffffff81458b24>] hook_sb_delete+0x110/0xba0
[  613.112825][ T4197] CPU: 0 UID: 0 PID: 4197 Comm: syz.2.50 Tainted: G        W           6.18.0-rc1-gb7776a802f2f #1 PREEMPT 
[  613.113065][ T4197] Tainted: [W]=WARN
[  613.113133][ T4197] Hardware name: riscv-virtio,qemu (DT)
[  613.113212][ T4197] Call Trace:
[  613.113289][ T4197] [<ffffffff80078af2>] dump_backtrace+0x32/0x3c
[  613.113536][ T4197] [<ffffffff80003298>] show_stack+0x30/0x3c
[  613.113716][ T4197] [<ffffffff8005fd36>] dump_stack_lvl+0x116/0x1ac
[  613.113976][ T4197] [<ffffffff8005fde8>] dump_stack+0x1c/0x28
[  613.114237][ T4197] [<ffffffff80215fc6>] __might_resched+0x3e2/0x604
[  613.114494][ T4197] [<ffffffff8021625a>] __might_sleep+0x72/0xf4
[  613.114726][ T4197] [<ffffffff80cef698>] iput+0x28/0xa84
[  613.114967][ T4197] [<ffffffff814590de>] hook_sb_delete+0x6ca/0xba0
[  613.115186][ T4197] [<ffffffff813726da>] security_sb_delete+0xaa/0x184
[  613.126561][ T4197] [<ffffffff80c77700>] generic_shutdown_super+0xb8/0x388
[  613.126889][ T4197] [<ffffffff80c77dac>] kill_litter_super+0x74/0xb0
[  613.127290][ T4197] [<ffffffff80c79952>] deactivate_locked_super+0xda/0x1ac
[  613.127552][ T4197] [<ffffffff80c79aaa>] deactivate_super+0x86/0x98
[  613.127789][ T4197] [<ffffffff80d0d462>] cleanup_mnt+0x1d2/0x3a4
[  613.127996][ T4197] [<ffffffff80d0d6e4>] __cleanup_mnt+0x20/0x28
[  613.128206][ T4197] [<ffffffff801df50c>] task_work_run+0x174/0x278
[  613.128418][ T4197] [<ffffffff803df1d0>] exit_to_user_mode_loop+0x110/0x144
[  613.128615][ T4197] [<ffffffff86394a04>] do_trap_ecall_u+0x44c/0x5d8
[  613.128814][ T4197] [<ffffffff863beeaa>] handle_exception+0x146/0x152
[  614.570211][ T4199] BUG: sleeping function called from invalid context at fs/inode.c:1928
[  614.571025][ T4199] in_atomic(): 1, irqs_disabled(): 0, non_block: 0, pid: 4199, name: syz.2.52
[  614.571658][ T4199] preempt_count: 1, expected: 0
[  614.572116][ T4199] RCU nest depth: 0, expected: 0
[  614.572585][ T4199] 2 locks held by syz.2.52/4199:
[  614.573078][ T4199]  #0: ff6000001a0540e0 (&type->s_umount_key#47){+.+.}-{4:4}, at: deactivate_super+0x80/0x98
[  614.574971][ T4199]  #1: ff6000001a054998 (&s->s_inode_list_lock){+.+.}-{3:3}, at: hook_sb_delete+0x110/0xba0
[  614.589027][ T4199] Preemption disabled at:
[  614.589206][ T4199] [<ffffffff81458b24>] hook_sb_delete+0x110/0xba0
[  614.590147][ T4199] CPU: 0 UID: 0 PID: 4199 Comm: syz.2.52 Tainted: G        W           6.18.0-rc1-gb7776a802f2f #1 PREEMPT 
[  614.590393][ T4199] Tainted: [W]=WARN
[  614.590461][ T4199] Hardware name: riscv-virtio,qemu (DT)
[  614.590541][ T4199] Call Trace:
[  614.590615][ T4199] [<ffffffff80078af2>] dump_backtrace+0x32/0x3c
[  614.590842][ T4199] [<ffffffff80003298>] show_stack+0x30/0x3c
[  614.591020][ T4199] [<ffffffff8005fd36>] dump_stack_lvl+0x116/0x1ac
[  614.591278][ T4199] [<ffffffff8005fde8>] dump_stack+0x1c/0x28
[  614.591531][ T4199] [<ffffffff80215fc6>] __might_resched+0x3e2/0x604
[  614.591749][ T4199] [<ffffffff8021625a>] __might_sleep+0x72/0xf4
[  614.591959][ T4199] [<ffffffff80cef698>] iput+0x28/0xa84
[  614.592189][ T4199] [<ffffffff814590de>] hook_sb_delete+0x6ca/0xba0
[  614.592395][ T4199] [<ffffffff813726da>] security_sb_delete+0xaa/0x184
[  614.592621][ T4199] [<ffffffff80c77700>] generic_shutdown_super+0xb8/0x388
[  614.592857][ T4199] [<ffffffff80c77dac>] kill_litter_super+0x74/0xb0
[  614.593086][ T4199] [<ffffffff80c79952>] deactivate_locked_super+0xda/0x1ac
[  614.593319][ T4199] [<ffffffff80c79aaa>] deactivate_super+0x86/0x98
[  614.593555][ T4199] [<ffffffff80d0d462>] cleanup_mnt+0x1d2/0x3a4
[  614.593754][ T4199] [<ffffffff80d0d6e4>] __cleanup_mnt+0x20/0x28
[  614.593957][ T4199] [<ffffffff801df50c>] task_work_run+0x174/0x278
[  614.594142][ T4199] [<ffffffff803df1d0>] exit_to_user_mode_loop+0x110/0x144
[  614.594330][ T4199] [<ffffffff86394a04>] do_trap_ecall_u+0x44c/0x5d8
[  614.594522][ T4199] [<ffffffff863beeaa>] handle_exception+0x146/0x152
1970/01/01 00:10:13 executed programs: 39
[  616.479511][ T4201] BUG: sleeping function called from invalid context at fs/inode.c:1928
[  616.480325][ T4201] in_atomic(): 1, irqs_disabled(): 0, non_block: 0, pid: 4201, name: syz.2.54
[  616.480992][ T4201] preempt_count: 1, expected: 0
[  616.481459][ T4201] RCU nest depth: 0, expected: 0
[  616.481938][ T4201] 2 locks held by syz.2.54/4201:
[  616.482403][ T4201]  #0: ff60000033cec0e0 (&type->s_umount_key#47){+.+.}-{4:4}, at: deactivate_super+0x80/0x98
[  616.497942][ T4201]  #1: ff60000033cec998 (&s->s_inode_list_lock){+.+.}-{3:3}, at: hook_sb_delete+0x110/0xba0
[  616.499599][ T4201] Preemption disabled at:
[  616.499782][ T4201] [<ffffffff81458b24>] hook_sb_delete+0x110/0xba0
[  616.500710][ T4201] CPU: 0 UID: 0 PID: 4201 Comm: syz.2.54 Tainted: G        W           6.18.0-rc1-gb7776a802f2f #1 PREEMPT 
[  616.500965][ T4201] Tainted: [W]=WARN
[  616.501034][ T4201] Hardware name: riscv-virtio,qemu (DT)
[  616.501116][ T4201] Call Trace:
[  616.501195][ T4201] [<ffffffff80078af2>] dump_backtrace+0x32/0x3c
[  616.501429][ T4201] [<ffffffff80003298>] show_stack+0x30/0x3c
[  616.501608][ T4201] [<ffffffff8005fd36>] dump_stack_lvl+0x116/0x1ac
[  616.501877][ T4201] [<ffffffff8005fde8>] dump_stack+0x1c/0x28
[  616.502135][ T4201] [<ffffffff80215fc6>] __might_resched+0x3e2/0x604
[  616.502358][ T4201] [<ffffffff8021625a>] __might_sleep+0x72/0xf4
[  616.502581][ T4201] [<ffffffff80cef698>] iput+0x28/0xa84
[  616.502817][ T4201] [<ffffffff814590de>] hook_sb_delete+0x6ca/0xba0
[  616.503029][ T4201] [<ffffffff813726da>] security_sb_delete+0xaa/0x184
[  616.503259][ T4201] [<ffffffff80c77700>] generic_shutdown_super+0xb8/0x388
[  616.503497][ T4201] [<ffffffff80c77dac>] kill_litter_super+0x74/0xb0
[  616.503739][ T4201] [<ffffffff80c79952>] deactivate_locked_super+0xda/0x1ac
[  616.503981][ T4201] [<ffffffff80c79aaa>] deactivate_super+0x86/0x98
[  616.504218][ T4201] [<ffffffff80d0d462>] cleanup_mnt+0x1d2/0x3a4
[  616.504430][ T4201] [<ffffffff80d0d6e4>] __cleanup_mnt+0x20/0x28
[  616.504638][ T4201] [<ffffffff801df50c>] task_work_run+0x174/0x278
[  616.504829][ T4201] [<ffffffff803df1d0>] exit_to_user_mode_loop+0x110/0x144
[  616.505027][ T4201] [<ffffffff86394a04>] do_trap_ecall_u+0x44c/0x5d8
[  616.505228][ T4201] [<ffffffff863beeaa>] handle_exception+0x146/0x152
[  617.702403][ T4202] BUG: sleeping function called from invalid context at fs/inode.c:1928
[  617.703424][ T4202] in_atomic(): 1, irqs_disabled(): 0, non_block: 0, pid: 4202, name: syz.2.55
[  617.704364][ T4202] preempt_count: 1, expected: 0
[  617.705006][ T4202] RCU nest depth: 0, expected: 0
[  617.706161][ T4202] 2 locks held by syz.2.55/4202:
[  617.706937][ T4202]  #0: ff600000349bc0e0 (&type->s_umount_key#47){+.+.}-{4:4}, at: deactivate_super+0x80/0x98
[  617.709209][ T4202]  #1: ff600000349bc998 (&s->s_inode_list_lock){+.+.}-{3:3}, at: hook_sb_delete+0x110/0xba0
[  617.719097][ T4202] Preemption disabled at:
[  617.719315][ T4202] [<ffffffff81458b24>] hook_sb_delete+0x110/0xba0
[  617.720281][ T4202] CPU: 0 UID: 0 PID: 4202 Comm: syz.2.55 Tainted: G        W           6.18.0-rc1-gb7776a802f2f #1 PREEMPT 
[  617.720532][ T4202] Tainted: [W]=WARN
[  617.720599][ T4202] Hardware name: riscv-virtio,qemu (DT)
[  617.720679][ T4202] Call Trace:
[  617.720755][ T4202] [<ffffffff80078af2>] dump_backtrace+0x32/0x3c
[  617.720991][ T4202] [<ffffffff80003298>] show_stack+0x30/0x3c
[  617.721169][ T4202] [<ffffffff8005fd36>] dump_stack_lvl+0x116/0x1ac
[  617.721421][ T4202] [<ffffffff8005fde8>] dump_stack+0x1c/0x28
[  617.721665][ T4202] [<ffffffff80215fc6>] __might_resched+0x3e2/0x604
[  617.721892][ T4202] [<ffffffff8021625a>] __might_sleep+0x72/0xf4
[  617.722103][ T4202] [<ffffffff80cef698>] iput+0x28/0xa84
[  617.722329][ T4202] [<ffffffff814590de>] hook_sb_delete+0x6ca/0xba0
[  617.722563][ T4202] [<ffffffff813726da>] security_sb_delete+0xaa/0x184
[  617.722805][ T4202] [<ffffffff80c77700>] generic_shutdown_super+0xb8/0x388
[  617.723037][ T4202] [<ffffffff80c77dac>] kill_litter_super+0x74/0xb0
[  617.723260][ T4202] [<ffffffff80c79952>] deactivate_locked_super+0xda/0x1ac
[  617.723501][ T4202] [<ffffffff80c79aaa>] deactivate_super+0x86/0x98
[  617.723730][ T4202] [<ffffffff80d0d462>] cleanup_mnt+0x1d2/0x3a4
[  617.723933][ T4202] [<ffffffff80d0d6e4>] __cleanup_mnt+0x20/0x28
[  617.724136][ T4202] [<ffffffff801df50c>] task_work_run+0x174/0x278
[  617.724323][ T4202] [<ffffffff803df1d0>] exit_to_user_mode_loop+0x110/0x144
[  617.724518][ T4202] [<ffffffff86394a04>] do_trap_ecall_u+0x44c/0x5d8
[  617.724708][ T4202] [<ffffffff863beeaa>] handle_exception+0x146/0x152
[  618.928786][ T4203] BUG: sleeping function called from invalid context at fs/inode.c:1928
[  618.936846][ T4203] in_atomic(): 1, irqs_disabled(): 0, non_block: 0, pid: 4203, name: syz.2.56
[  618.947096][ T4203] preempt_count: 1, expected: 0
[  618.948111][ T4203] RCU nest depth: 0, expected: 0
[  618.948858][ T4203] 2 locks held by syz.2.56/4203:
[  618.949544][ T4203]  #0: ff6000001a8740e0 (&type->s_umount_key#47){+.+.}-{4:4}, at: deactivate_super+0x80/0x98
[  618.951880][ T4203]  #1: ff6000001a874998 (&s->s_inode_list_lock){+.+.}-{3:3}, at: hook_sb_delete+0x110/0xba0
[  618.953902][ T4203] Preemption disabled at:
[  618.954084][ T4203] [<ffffffff81458b24>] hook_sb_delete+0x110/0xba0
[  618.964748][ T4203] CPU: 0 UID: 0 PID: 4203 Comm: syz.2.56 Tainted: G        W           6.18.0-rc1-gb7776a802f2f #1 PREEMPT 
[  618.965062][ T4203] Tainted: [W]=WARN
[  618.965136][ T4203] Hardware name: riscv-virtio,qemu (DT)
[  618.965219][ T4203] Call Trace:
[  618.965306][ T4203] [<ffffffff80078af2>] dump_backtrace+0x32/0x3c
[  618.965628][ T4203] [<ffffffff80003298>] show_stack+0x30/0x3c
[  618.965828][ T4203] [<ffffffff8005fd36>] dump_stack_lvl+0x116/0x1ac
[  618.966094][ T4203] [<ffffffff8005fde8>] dump_stack+0x1c/0x28
[  618.966347][ T4203] [<ffffffff80215fc6>] __might_resched+0x3e2/0x604
[  618.966574][ T4203] [<ffffffff8021625a>] __might_sleep+0x72/0xf4
[  618.966791][ T4203] [<ffffffff80cef698>] iput+0x28/0xa84
[  618.967021][ T4203] [<ffffffff814590de>] hook_sb_delete+0x6ca/0xba0
[  618.967230][ T4203] [<ffffffff813726da>] security_sb_delete+0xaa/0x184
[  618.967466][ T4203] [<ffffffff80c77700>] generic_shutdown_super+0xb8/0x388
[  618.967699][ T4203] [<ffffffff80c77dac>] kill_litter_super+0x74/0xb0
[  618.967934][ T4203] [<ffffffff80c79952>] deactivate_locked_super+0xda/0x1ac
[  618.968177][ T4203] [<ffffffff80c79aaa>] deactivate_super+0x86/0x98
[  618.968416][ T4203] [<ffffffff80d0d462>] cleanup_mnt+0x1d2/0x3a4
[  618.968620][ T4203] [<ffffffff80d0d6e4>] __cleanup_mnt+0x20/0x28
[  618.968824][ T4203] [<ffffffff801df50c>] task_work_run+0x174/0x278
[  618.969013][ T4203] [<ffffffff803df1d0>] exit_to_user_mode_loop+0x110/0x144
[  618.969214][ T4203] [<ffffffff86394a04>] do_trap_ecall_u+0x44c/0x5d8
[  618.969414][ T4203] [<ffffffff863beeaa>] handle_exception+0x146/0x152

VM DIAGNOSIS:
22:20:29  Registers:
info registers vcpu 0

CPU#0
 V      =   0
 pc       ffffffff8032b7be
 mhartid  0000000000000000
 mstatus  0000000a000000a0
 hstatus  0000000200000000
 vsstatus 0000000a00000000
 mip      0000000000000000
 mie      000000000000022a
 mideleg  0000000000001666
 hideleg  0000000000000444
 medeleg  0000000000f0b509
 hedeleg  000000000000b10d
 mtvec    00000000800004f0
 stvec    ffffffff863bed64
 vstvec   0000000000000000
 mepc     ffffffff80067618
 sepc     ffffffff8027d5d4
 vsepc    0000000000000000
 mcause   8000000000000003
 scause   8000000000000005
 vscause  0000000000000000
 mtval    0000000000000000
 stval    0000000000000000
 htval    0000000000000000
 mtval2   0000000000000000
 mscratch 000000008004a000
 sscratch 0000000000000000
 satp     a01430000009e846
 x0/zero  0000000000000000 x1/ra    ffffffff8006e2d8 x2/sp    ff200000016f74a0 x3/gp    ffffffff89d1f8e0
 x4/tp    ff6000001f534f80 x5/t0    00000000000000c8 x6/t1    1ffffffff105da56 x7/t2    65656c73203a4755
 x8/s0    ff200000016f7510 x9/s1    0000000000000000 x10/a0   ff200000016f75c8 x11/a1   0000000000000000
 x12/a2   0000000000000002 x13/a3   ffffffff800782ba x14/a4   0000000000000000 x15/a5   ff6000001f535f80
 x16/a6   0000000000000003 x17/a7   1ffffffff105da55 x18/s2   ff200000016f7640 x19/s3   0000000000000004
 x20/s4   ffffffff80326978 x21/s5   ff200000016f7640 x22/s6   0000000000000000 x23/s7   0000000000000000
 x24/s8   ffffffff8032906c x25/s9   ffffffff89d296a0 x26/s10  0000000000000001 x27/s11  0000000000000000
 x28/t3   ffffffff89ea6090 x29/t4   fffffffef105da54 x30/t5   fffffffef105da55 x31/t6   0000000000001fff
 fcsr     0000000000000000
 f0/ft0   0000000000000000 f1/ft1   0000000000000000 f2/ft2   0000000000000000 f3/ft3   0000000000000000
 f4/ft4   0000000000000000 f5/ft5   0000000000000000 f6/ft6   0000000000000000 f7/ft7   0000000000000000
 f8/fs0   0000000000000000 f9/fs1   0000000000000000 f10/fa0  0000000000000000 f11/fa1  0000000000000000
 f12/fa2  0000000000000000 f13/fa3  0000000000000000 f14/fa4  0000000000000000 f15/fa5  0000000000000000
 f16/fa6  0000000000000000 f17/fa7  0000000000000000 f18/fs2  0000000000000000 f19/fs3  0000000000000000
 f20/fs4  0000000000000000 f21/fs5  0000000000000000 f22/fs6  0000000000000000 f23/fs7  0000000000000000
 f24/fs8  0000000000000000 f25/fs9  0000000000000000 f26/fs10 0000000000000000 f27/fs11 0000000000000000
 f28/ft8  0000000000000000 f29/ft9  0000000000000000 f30/ft10 0000000000000000 f31/ft11 0000000000000000
info registers vcpu 1

CPU#1
 V      =   0
 pc       ffffffff80078268
 mhartid  0000000000000001
 mstatus  0000000a000000a0
 hstatus  0000000200000000
 vsstatus 0000000a00000000
 mip      0000000000000020
 mie      000000000000022a
 mideleg  0000000000001666
 hideleg  0000000000000444
 medeleg  0000000000f0b509
 hedeleg  000000000000b10d
 mtvec    00000000800004f0
 stvec    ffffffff863bed64
 vstvec   0000000000000000
 mepc     ffffffff8008f180
 sepc     ffffffff8027d5d4
 vsepc    0000000000000000
 mcause   0000000000000009
 scause   8000000000000005
 vscause  0000000000000000
 mtval    0000000000000000
 stval    0000000000000000
 htval    0000000000000000
 mtval2   0000000000000000
 mscratch 0000000080048000
 sscratch 0000000000000000
 satp     a01060000009b60d
 x0/zero  0000000000000000 x1/ra    ffffffff80078268 x2/sp    ff200000000d75e0 x3/gp    ffffffff89d1f8e0
 x4/tp    ff600000132a4f80 x5/t0    ff200000000d7720 x6/t1    ffffffff863befca x7/t2    0000000000000000
 x8/s0    ff200000000d7640 x9/s1    0000000000000000 x10/a0   0000000000000005 x11/a1   0000000000000001
 x12/a2   0000000000000001 x13/a3   0000000000000002 x14/a4   0000000000000000 x15/a5   ff600000132a5f80
 x16/a6   0000000000000003 x17/a7   ff60000022b861a8 x18/s2   ff200000000d7640 x19/s3   ffffffffffffffff
 x20/s4   ffffffff800781ac x21/s5   ff200000000d75e0 x22/s6   ffffffff8006e1bc x23/s7   ff200000000d76a0
 x24/s8   0000000000000006 x25/s9   1fec000006724f81 x26/s10  ff60000033927c10 x27/s11  0000000000000000
 x28/t3   ffffffff863befca x29/t4   ff200000000d7598 x30/t5   ff6000005c055ad0 x31/t6   0000000000001fff
 fcsr     0000000000000000
 f0/ft0   0000000000000000 f1/ft1   0000000000000000 f2/ft2   0000000000000000 f3/ft3   0000000000000000
 f4/ft4   0000000000000000 f5/ft5   0000000000000000 f6/ft6   0000000000000000 f7/ft7   0000000000000000
 f8/fs0   0000000000000000 f9/fs1   0000000000000000 f10/fa0  0000000000000000 f11/fa1  0000000000000000
 f12/fa2  0000000000000000 f13/fa3  0000000000000000 f14/fa4  0000000000000000 f15/fa5  0000000000000000
 f16/fa6  0000000000000000 f17/fa7  0000000000000000 f18/fs2  0000000000000000 f19/fs3  0000000000000000
 f20/fs4  0000000000000000 f21/fs5  0000000000000000 f22/fs6  0000000000000000 f23/fs7  0000000000000000
 f24/fs8  0000000000000000 f25/fs9  0000000000000000 f26/fs10 0000000000000000 f27/fs11 0000000000000000
 f28/ft8  0000000000000000 f29/ft9  0000000000000000 f30/ft10 0000000000000000 f31/ft11 0000000000000000
