buildroot login: [  846.818406][    C0] 
[  846.821920][    C0] =============================
[  846.824694][    C0] [ BUG: Invalid wait context ]
[  846.828491][    C0] 6.6.0-dirty #1 Not tainted
[  846.832617][    C0] -----------------------------
[  846.835607][    C0] sshd-session/2944 is trying to lock:
[  846.838904][    C0] ff600000ffdefb58 (&zone->lock){..-.}-{3:3}, at: get_page_from_freelist+0xb28/0x325a
[  846.856406][    C0] other info that might help us debug this:
[  846.859901][    C0] context-{2:2}
[  846.862873][    C0] 3 locks held by sshd-session/2944:
[  846.865974][    C0]  #0: ff6000008b2019b0 (sk_lock-AF_INET){+.+.}-{0:0}, at: tcp_sendmsg+0x28/0x4e
[  846.874461][    C0]  #1: ff600000fdcc8218 (&pcp->lock){+.+.}-{3:3}, at: get_page_from_freelist+0x412/0x325a
[  846.882152][    C0]  #2: ff600000fdcc2e58 (&rq->__lock){-.-.}-{2:2}, at: scheduler_tick+0x10a/0x896
[  846.890487][    C0] stack backtrace:
[  846.894233][    C0] CPU: 0 PID: 2944 Comm: sshd-session Not tainted 6.6.0-dirty #1
[  846.898165][    C0] Hardware name: riscv-virtio,qemu (DT)
[  846.902169][    C0] Call Trace:
[  846.904886][    C0] [<ffffffff8000ef9e>] dump_backtrace+0x2e/0x3c
[  846.909190][    C0] [<ffffffff85c86bcc>] show_stack+0x34/0x40
[  846.913758][    C0] [<ffffffff85cde59a>] dump_stack_lvl+0xe8/0x154
[  846.918049][    C0] [<ffffffff85cde622>] dump_stack+0x1c/0x24
[  846.922262][    C0] [<ffffffff8022300a>] __lock_acquire+0x1b6c/0x82c0
[  846.926899][    C0] [<ffffffff8022bad2>] lock_acquire+0x372/0xa80
[  846.931444][    C0] [<ffffffff85d0029c>] _raw_spin_lock_irqsave+0x3e/0x62
[  846.935804][    C0] [<ffffffff808574c6>] get_page_from_freelist+0xb28/0x325a
[  846.939780][    C0] [<ffffffff8085aa08>] __alloc_pages+0x1ee/0x2176
[  846.943610][    C0] [<ffffffff808ca972>] alloc_pages+0x2ec/0x46e
[  846.947758][    C0] [<ffffffff816e09b4>] __stack_depot_save+0x3c6/0x4de
[  846.951957][    C0] [<ffffffff808fc7c8>] kasan_save_stack+0x52/0x6a
[  846.956233][    C0] [<ffffffff808fec40>] __kasan_record_aux_stack+0xfe/0x14a
[  846.960929][    C0] [<ffffffff808ff028>] kasan_record_aux_stack+0xe/0x16
[  846.964777][    C0] [<ffffffff80135a80>] task_work_add+0x9e/0x284
[  846.969286][    C0] [<ffffffff801869dc>] task_tick_mm_cid+0xea/0x13e
[  846.973891][    C0] [<ffffffff80186cd8>] scheduler_tick+0x2a8/0x896
[  846.978428][    C0] [<ffffffff802ff908>] update_process_times+0x1d2/0x256
[  846.982865][    C0] [<ffffffff80335712>] tick_sched_handle+0x78/0x152
[  846.986899][    C0] [<ffffffff80336664>] tick_sched_timer+0xc2/0x1a0
[  846.990891][    C0] [<ffffffff80302ce2>] __hrtimer_run_queues+0x5a4/0xc4c
[  846.995526][    C0] [<ffffffff80305d44>] hrtimer_interrupt+0x2d6/0x7e6
[  847.000079][    C0] [<ffffffff84290e0a>] riscv_timer_interrupt+0x82/0xc2
[  847.004484][    C0] [<ffffffff8026655a>] handle_percpu_devid_irq+0x2a8/0x540
[  847.008477][    C0] [<ffffffff8024fb74>] generic_handle_domain_irq+0x84/0xb2
[  847.012911][    C0] [<ffffffff816eeade>] riscv_intc_irq+0x70/0xa6
[  847.017201][    C0] [<ffffffff85cdf8a8>] handle_riscv_irq+0x2e/0x4c
[  847.021720][    C0] [<ffffffff85cdff9c>] do_irq+0x8a/0xa6
[  847.025935][    C0] [<ffffffff80006ef8>] ret_from_exception+0x0/0x64
[  847.029989][    C0] [<ffffffff8022bb7c>] lock_acquire+0x41c/0xa80
[  847.034186][    C0] [<ffffffff85d003b8>] _raw_spin_trylock+0x90/0xdc
[  847.038365][    C0] [<ffffffff80856db0>] get_page_from_freelist+0x412/0x325a
[  847.042451][    C0] [<ffffffff8085aa08>] __alloc_pages+0x1ee/0x2176
[  847.046264][    C0] [<ffffffff808ca972>] alloc_pages+0x2ec/0x46e
[  847.050458][    C0] [<ffffffff84a0c278>] skb_page_frag_refill+0x282/0x4ee
[  847.054631][    C0] [<ffffffff82e4486c>] virtnet_rq_alloc+0x3e/0x92e
[  847.059085][    C0] [<ffffffff82e4752c>] try_fill_recv+0x5c4/0x1b1e
[  847.063720][    C0] [<ffffffff82e53ab6>] virtnet_poll+0xbc8/0x1476
[  847.068183][    C0] [<ffffffff84abcdc2>] __napi_poll.constprop.0+0xaa/0x748
[  847.072795][    C0] [<ffffffff84abdca0>] net_rx_action+0x840/0xcbe
[  847.077233][    C0] [<ffffffff85d01c50>] __do_softirq+0x498/0x1156
[  847.081562][    C0] [<ffffffff800cd878>] __irq_exit_rcu+0x19a/0x384
[  847.085990][    C0] [<ffffffff800cddc8>] irq_exit_rcu+0x10/0xf8
[  847.090359][    C0] [<ffffffff85cdf8ba>] handle_riscv_irq+0x40/0x4c
[  847.094751][    C0] [<ffffffff85cdff74>] do_irq+0x62/0xa6
Warning: Permanently added '[localhost]:4962' (ED25519) to the list of known hosts.

VM DIAGNOSIS:
01:27:13  Registers:
info registers vcpu 0
 pc       ffffffff85d00644
 mhartid  0000000000000000
 mstatus  0000000a000001a0
 mip      00000000000000a0
 mie      000000000000020a
 mideleg  0000000000000222
 medeleg  000000000000b109
 mtvec    0000000080000520
 stvec    ffffffff80006e1c
 mepc     ffffffff80446174
 sepc     ffffffff85d00590
 mcause   8000000000000007
 scause   8000000000000005
 mtval    0000000000000000
 stval    0000000000000000
 mscratch 000000008001a000
 sscratch 0000000000000000
 satp     a00870000010d8bd
 x0/zero  0000000000000000 x1/ra    ffffffff85d0063e x2/sp    ff20000000003c70 x3/gp    ffffffff892480c0
 x4/tp    ff6000008d713300 x5/t0    ff600000fdcb2ae0 x6/t1    ffebffff1fb96550 x7/t2    ffffffff862056d0
 x8/s0    ff20000000003c90 x9/s1    0000000000000000 x10/a0   0000000000000001 x11/a1   0000000000000004
 x12/a2   0000000000000000 x13/a3   ffffffff802333c0 x14/a4   ff600000fdcb2a80 x15/a5   0000000000000120
 x16/a6   ffebffff1fb96551 x17/a7   ff600000fdcb2a83 x18/s2   ff600000fdcb2a80 x19/s3   ff600000fdcb2a80
 x20/s4   0000000000000001 x21/s5   1fec00001fb96562 x22/s6   0000000000000000 x23/s7   ffebffff1fb96569
 x24/s8   0000000000000003 x25/s9   ff600000fdcb2b00 x26/s10  ff600000fdcb3398 x27/s11  ffffffff803365a2
 x28/t3   ffffffff8022b760 x29/t4   ffebffff1fb96550 x30/t5   ffebffff1fb96551 x31/t6   ff600000fdcb2ee8
 f0/ft0   0000000000000000 f1/ft1   0000000000000000 f2/ft2   0000000000000000 f3/ft3   0000000000000000
 f4/ft4   0000000000000000 f5/ft5   0000000000000000 f6/ft6   0000000000000000 f7/ft7   0000000000000000
 f8/fs0   0000000000000000 f9/fs1   0000000000000000 f10/fa0  0000000000000000 f11/fa1  0000000000000000
 f12/fa2  0000000000000000 f13/fa3  0000000000000000 f14/fa4  0000000000000000 f15/fa5  0000000000000000
 f16/fa6  0000000000000000 f17/fa7  0000000000000000 f18/fs2  0000000000000000 f19/fs3  0000000000000000
 f20/fs4  0000000000000000 f21/fs5  0000000000000000 f22/fs6  0000000000000000 f23/fs7  0000000000000000
 f24/fs8  0000000000000000 f25/fs9  0000000000000000 f26/fs10 0000000000000000 f27/fs11 0000000000000000
 f28/ft8  0000000000000000 f29/ft9  0000000000000000 f30/ft10 0000000000000000 f31/ft11 0000000000000000
info registers vcpu 1
 pc       ffffffff800072ae
 mhartid  0000000000000001
 mstatus  0000000a000000a0
 mip      0000000000000000
 mie      00000000000002aa
 mideleg  0000000000000222
 medeleg  000000000000b109
 mtvec    0000000080000520
 stvec    ffffffff80006e1c
 mepc     ffffffff800197f8
 sepc     ffffffff801be282
 mcause   0000000000000009
 scause   8000000000000005
 mtval    0000000000000000
 stval    0000000000000000
 mscratch 0000000080018000
 sscratch 0000000000000000
 satp     a00870000010d8bd
 x0/zero  0000000000000000 x1/ra    ffffffff800072a6 x2/sp    ff200000000a3e60 x3/gp    ffffffff892480c0
 x4/tp    ff60000082e44c80 x5/t0    ff600000fdccfa80 x6/t1    ffebffff1fb9bc4a x7/t2    0000000000000000
 x8/s0    ff200000000a3e70 x9/s1    ffffffff801cff2c x10/a0   ffffffff801cff2c x11/a1   00000000000f0000
 x12/a2   ffffffff800072a6 x13/a3   0000000000000002 x14/a4   ff60000082e45c80 x15/a5   0000000000000000
 x16/a6   ffebffff1fb9bc4b x17/a7   ff600000fdcde253 x18/s2   ffffffff89337640 x19/s3   dfffffff00000000
 x20/s4   fffffffef1266ec8 x21/s5   0000000000000007 x22/s6   0000000000000001 x23/s7   ffffffff89338640
 x24/s8   0000000000000000 x25/s9   0000000000000000 x26/s10  ff200000000a3f40 x27/s11  1fe40000000147dc
 x28/t3   ffffffff8022b760 x29/t4   ffebffff1fb9bc4a x30/t5   ffebffff1fb9bc4b x31/t6   ffffffff89338700
 f0/ft0   0000000000000000 f1/ft1   0000000000000000 f2/ft2   0000000000000000 f3/ft3   0000000000000000
 f4/ft4   0000000000000000 f5/ft5   0000000000000000 f6/ft6   0000000000000000 f7/ft7   0000000000000000
 f8/fs0   0000000000000000 f9/fs1   0000000000000000 f10/fa0  0000000000000000 f11/fa1  0000000000000000
 f12/fa2  0000000000000000 f13/fa3  0000000000000000 f14/fa4  0000000000000000 f15/fa5  0000000000000000
 f16/fa6  0000000000000000 f17/fa7  0000000000000000 f18/fs2  0000000000000000 f19/fs3  0000000000000000
 f20/fs4  0000000000000000 f21/fs5  0000000000000000 f22/fs6  0000000000000000 f23/fs7  0000000000000000
 f24/fs8  0000000000000000 f25/fs9  0000000000000000 f26/fs10 0000000000000000 f27/fs11 0000000000000000
 f28/ft8  0000000000000000 f29/ft9  0000000000000000 f30/ft10 0000000000000000 f31/ft11 0000000000000000
