Warning: Permanently added '[localhost]:4258' (ED25519) to the list of known hosts.
1970/01/01 00:05:01 parsed 1 programs
buildroot login: [  323.586956][ T3098] cgroup: Unknown subsys name 'net'
[  323.992800][ T3098] cgroup: Unknown subsys name 'cpuset'
[  324.079073][ T3098] cgroup: Unknown subsys name 'rlimit'
[  346.478564][ T3098] Adding 124996k swap on ./swap-file.  Priority:0 extents:1 across:124996k 
[  370.969679][ T3103] soft_limit_in_bytes is deprecated and will be removed. Please report your usecase to linux-mm@kvack.org if you depend on this functionality.
[  405.759442][ T3296] bond0: (slave bond_slave_0): Enslaving as an active interface with an up link
[  405.815387][ T3296] bond0: (slave bond_slave_1): Enslaving as an active interface with an up link
[  409.511125][ T3296] hsr_slave_0: entered promiscuous mode
[  409.531665][ T3296] hsr_slave_1: entered promiscuous mode
[  411.934873][ T3296] netdevsim netdevsim0 netdevsim0: renamed from eth0
[  412.034343][ T3296] netdevsim netdevsim0 netdevsim1: renamed from eth1
[  412.119601][ T3296] netdevsim netdevsim0 netdevsim2: renamed from eth2
[  412.172149][ T3296] netdevsim netdevsim0 netdevsim3: renamed from eth3
[  415.518671][ T3296] 8021q: adding VLAN 0 to HW filter on device bond0
[  426.353127][ T3296] veth0_vlan: entered promiscuous mode
[  426.469017][ T3296] veth1_vlan: entered promiscuous mode
[  426.992517][ T3296] veth0_macvtap: entered promiscuous mode
[  427.144417][ T3296] veth1_macvtap: entered promiscuous mode
[  427.703563][   T12] netdevsim netdevsim0 netdevsim0: set [1, 0] type 2 family 0 port 6081 - 0
[  427.709526][   T12] netdevsim netdevsim0 netdevsim1: set [1, 0] type 2 family 0 port 6081 - 0
[  427.727825][   T12] netdevsim netdevsim0 netdevsim2: set [1, 0] type 2 family 0 port 6081 - 0
[  427.767277][   T12] netdevsim netdevsim0 netdevsim3: set [1, 0] type 2 family 0 port 6081 - 0
[  429.716304][   T12] netdevsim netdevsim0 netdevsim3 (unregistering): unset [1, 0] type 2 family 0 port 6081 - 0
[  429.979472][   T12] netdevsim netdevsim0 netdevsim2 (unregistering): unset [1, 0] type 2 family 0 port 6081 - 0
[  430.323505][   T12] netdevsim netdevsim0 netdevsim1 (unregistering): unset [1, 0] type 2 family 0 port 6081 - 0
[  430.721199][   T12] netdevsim netdevsim0 netdevsim0 (unregistering): unset [1, 0] type 2 family 0 port 6081 - 0
[  434.228767][   T12] bond0 (unregistering): (slave bond_slave_0): Releasing backup interface
[  434.304759][   T12] bond0 (unregistering): (slave bond_slave_1): Releasing backup interface
[  434.343982][   T12] bond0 (unregistering): Released all slaves
[  434.723622][   T12] hsr_slave_0: left promiscuous mode
[  434.736135][   T12] hsr_slave_1: left promiscuous mode
[  434.851891][   T12] veth1_macvtap: left promiscuous mode
[  434.854376][   T12] veth0_macvtap: left promiscuous mode
[  434.856859][   T12] veth1_vlan: left promiscuous mode
[  434.859281][   T12] veth0_vlan: left promiscuous mode
1970/01/01 00:07:44 executed programs: 0
[  473.546578][ T3811] bond0: (slave bond_slave_0): Enslaving as an active interface with an up link
[  473.597487][ T3811] bond0: (slave bond_slave_1): Enslaving as an active interface with an up link
[  477.368830][ T3811] hsr_slave_0: entered promiscuous mode
[  477.381854][ T3811] hsr_slave_1: entered promiscuous mode
[  479.826785][ T3811] netdevsim netdevsim2 netdevsim0: renamed from eth0
[  479.883344][ T3811] netdevsim netdevsim2 netdevsim1: renamed from eth1
[  479.928547][ T3811] netdevsim netdevsim2 netdevsim2: renamed from eth2
[  479.978577][ T3811] netdevsim netdevsim2 netdevsim3: renamed from eth3
[  482.887902][ T3811] 8021q: adding VLAN 0 to HW filter on device bond0
[  492.448883][ T3811] veth0_vlan: entered promiscuous mode
[  492.588635][ T3811] veth1_vlan: entered promiscuous mode
[  492.999081][ T3811] veth0_macvtap: entered promiscuous mode
[  493.069278][ T3811] veth1_macvtap: entered promiscuous mode
[  493.523564][   T12] netdevsim netdevsim2 netdevsim0: set [1, 0] type 2 family 0 port 6081 - 0
[  493.528030][   T12] netdevsim netdevsim2 netdevsim1: set [1, 0] type 2 family 0 port 6081 - 0
[  493.529544][   T12] netdevsim netdevsim2 netdevsim2: set [1, 0] type 2 family 0 port 6081 - 0
[  493.542404][   T12] netdevsim netdevsim2 netdevsim3: set [1, 0] type 2 family 0 port 6081 - 0
1970/01/01 00:08:13 executed programs: 2
1970/01/01 00:08:18 executed programs: 19
1970/01/01 00:08:23 executed programs: 36
1970/01/01 00:08:29 executed programs: 54
1970/01/01 00:08:34 executed programs: 72
1970/01/01 00:08:39 executed programs: 90
1970/01/01 00:08:44 executed programs: 108
1970/01/01 00:08:49 executed programs: 127
1970/01/01 00:08:54 executed programs: 144
1970/01/01 00:09:00 executed programs: 160
[  543.647120][ T4324] ==================================================================
[  543.649357][ T4324] BUG: KASAN: slab-use-after-free in xfrm_alloc_spi+0xe16/0x10f8
[  543.651840][ T4324] Read of size 4 at addr ffffaf808f889e84 by task syz.2.185/4324
[  543.653069][ T4324] 
[  543.655685][ T4324] CPU: 0 UID: 0 PID: 4324 Comm: syz.2.185 Not tainted 6.17.0-rc1-g0b0ca959d206 #1 PREEMPT 
[  543.656774][ T4324] Hardware name: riscv-virtio,qemu (DT)
[  543.657353][ T4324] Call Trace:
[  543.658529][ T4324] [<ffffffff80079826>] dump_backtrace+0x32/0x3c
[  543.659158][ T4324] [<ffffffff80003294>] show_stack+0x30/0x3c
[  543.659557][ T4324] [<ffffffff80060756>] dump_stack_lvl+0x11a/0x1b0
[  543.660061][ T4324] [<ffffffff8000f2a2>] print_report+0x28a/0x5a8
[  543.660475][ T4324] [<ffffffff80b37ce4>] kasan_report+0xf8/0x210
[  543.660955][ T4324] [<ffffffff80b39cca>] __asan_report_load4_noabort+0x12/0x1c
[  543.661320][ T4324] [<ffffffff85a4129e>] xfrm_alloc_spi+0xe16/0x10f8
[  543.661657][ T4324] [<ffffffff85a9b3ce>] xfrm_alloc_userspi+0x526/0xc10
[  543.662290][ T4324] [<ffffffff85a883ea>] xfrm_user_rcv_msg+0x3d6/0x998
[  543.662573][ T4324] [<ffffffff85461d1a>] netlink_rcv_skb+0x206/0x3bc
[  543.662930][ T4324] [<ffffffff85a851be>] xfrm_netlink_rcv+0x7a/0xa4
[  543.663165][ T4324] [<ffffffff854600fe>] netlink_unicast+0x51a/0x7ec
[  543.663462][ T4324] [<ffffffff85460bac>] netlink_sendmsg+0x7dc/0xdac
[  543.663736][ T4324] [<ffffffff84ff6246>] __sock_sendmsg+0xca/0x160
[  543.664080][ T4324] [<ffffffff84ff6cc2>] ____sys_sendmsg+0x62e/0x78c
[  543.664365][ T4324] [<ffffffff84ffb524>] ___sys_sendmsg+0x1a4/0x1e8
[  543.664655][ T4324] [<ffffffff850023de>] __sys_sendmsg+0x192/0x238
[  543.665036][ T4324] [<ffffffff850024f2>] __riscv_sys_sendmsg+0x6e/0xb0
[  543.665409][ T4324] [<ffffffff8007745a>] syscall_handler+0x96/0x128
[  543.665708][ T4324] [<ffffffff86276782>] do_trap_ecall_u+0x396/0x5d0
[  543.666037][ T4324] [<ffffffff862a0bc2>] handle_exception+0x146/0x152
[  543.666696][ T4324] 
[  543.680039][ T4324] Allocated by task 4220:
[  543.680832][ T4324]  stack_trace_save+0xa0/0xd4
[  543.681727][ T4324]  kasan_save_stack+0x3c/0x64
[  543.682467][ T4324]  kasan_save_track+0x14/0x28
[  543.683249][ T4324]  kasan_save_alloc_info+0x32/0x40
[  543.684061][ T4324]  __kasan_slab_alloc+0x6e/0x80
[  543.684891][ T4324]  kmem_cache_alloc_noprof+0x10c/0x460
[  543.685764][ T4324]  xfrm_state_alloc+0x2c/0x4bc
[  543.686554][ T4324]  __find_acq_core+0x94e/0x27ac
[  543.687388][ T4324]  xfrm_find_acq+0x7e/0x9c
[  543.688130][ T4324]  xfrm_alloc_userspi+0x4d2/0xc10
[  543.688914][ T4324]  xfrm_user_rcv_msg+0x3d6/0x998
[  543.689640][ T4324]  netlink_rcv_skb+0x206/0x3bc
[  543.690550][ T4324]  xfrm_netlink_rcv+0x7a/0xa4
[  543.691306][ T4324]  netlink_unicast+0x51a/0x7ec
[  543.692075][ T4324]  netlink_sendmsg+0x7dc/0xdac
[  543.692818][ T4324]  __sock_sendmsg+0xca/0x160
[  543.693599][ T4324]  ____sys_sendmsg+0x62e/0x78c
[  543.694383][ T4324]  ___sys_sendmsg+0x1a4/0x1e8
[  543.695170][ T4324]  __sys_sendmsg+0x192/0x238
[  543.695925][ T4324]  __riscv_sys_sendmsg+0x6e/0xb0
[  543.696752][ T4324]  syscall_handler+0x96/0x128
[  543.697562][ T4324]  do_trap_ecall_u+0x396/0x5d0
[  543.698328][ T4324]  handle_exception+0x146/0x152
[  543.699220][ T4324] 
[  543.699691][ T4324] Freed by task 927:
[  543.700342][ T4324]  stack_trace_save+0xa0/0xd4
[  543.701124][ T4324]  kasan_save_stack+0x3c/0x64
[  543.701885][ T4324]  kasan_save_track+0x14/0x28
[  543.702584][ T4324]  kasan_save_free_info+0x40/0x60
[  543.703354][ T4324]  __kasan_slab_free+0x54/0x6c
[  543.704059][ T4324]  kmem_cache_free+0x23c/0x6fc
[  543.704831][ T4324]  xfrm_state_gc_task+0x4a6/0x6e8
[  543.705613][ T4324]  process_one_work+0x92a/0x1dac
[  543.706428][ T4324]  worker_thread+0x53a/0xcac
[  543.707209][ T4324]  kthread+0x37c/0x7a0
[  543.708013][ T4324]  ret_from_fork_kernel+0x28/0xb30
[  543.708875][ T4324]  ret_from_fork_kernel_asm+0x16/0x18
[  543.709703][ T4324] 
[  543.710227][ T4324] The buggy address belongs to the object at ffffaf808f889dc0
[  543.710227][ T4324]  which belongs to the cache xfrm_state of size 928
[  543.711556][ T4324] The buggy address is located 196 bytes inside of
[  543.711556][ T4324]  freed 928-byte region [ffffaf808f889dc0, ffffaf808f88a160)
[  543.712802][ T4324] 
[  543.713330][ T4324] The buggy address belongs to the physical page:
[  543.714916][ T4324] page: refcount:0 mapcount:0 mapping:0000000000000000 index:0x0 pfn:0x10f888
[  543.716144][ T4324] head: order:2 mapcount:0 entire_mapcount:0 nr_pages_mapped:0 pincount:0
[  543.717183][ T4324] flags: 0x1ffe000000000040(head|node=0|zone=1|lastcpupid=0x7ff)
[  543.718556][ T4324] page_type: f5(slab)
[  543.720040][ T4324] raw: 1ffe000000000040 ffffaf80852e1dc0 dead000000000122 0000000000000000
[  543.721112][ T4324] raw: 0000000000000000 00000000000f000f 00000000f5000000 0000000000000000
[  543.722172][ T4324] head: 1ffe000000000040 ffffaf80852e1dc0 dead000000000122 0000000000000000
[  543.723105][ T4324] head: 0000000000000000 00000000000f000f 00000000f5000000 0000000000000000
[  543.724058][ T4324] head: 1ffe000000000002 ffff8d80023e2201 00000000ffffffff 00000000ffffffff
[  543.725083][ T4324] head: ffffffffffffffff 0000000000000000 00000000ffffffff 0000000000000004
[  543.725994][ T4324] page dumped because: kasan: bad access detected
[  543.726978][ T4324] page_owner tracks the page as allocated
[  543.727752][ T4324] page last allocated via order 2, migratetype Unmovable, gfp_mask 0x52820(GFP_ATOMIC|__GFP_NOWARN|__GFP_NORETRY|__GFP_COMP), pid 4210, tgid 4210 (syz.2.71), ts 510634956500, free_ts 509343011600
[  543.729448][ T4324]  __set_page_owner+0x94/0x4d4
[  543.730463][ T4324]  post_alloc_hook+0x106/0x1d8
[  543.731425][ T4324]  get_page_from_freelist+0x153e/0x3550
[  543.732293][ T4324]  __alloc_frozen_pages_noprof+0x204/0x216c
[  543.733156][ T4324]  alloc_pages_mpol+0x1ee/0x5a0
[  543.733951][ T4324]  alloc_frozen_pages_noprof+0x156/0x318
[  543.734771][ T4324]  new_slab+0x222/0x34c
[  543.735523][ T4324]  ___slab_alloc+0xc0c/0x1330
[  543.736348][ T4324]  __slab_alloc.isra.0+0x62/0xc0
[  543.737118][ T4324]  kmem_cache_alloc_noprof+0xcc/0x460
[  543.737957][ T4324]  xfrm_state_alloc+0x2c/0x4bc
[  543.738670][ T4324]  __find_acq_core+0x94e/0x27ac
[  543.739450][ T4324]  xfrm_find_acq+0x7e/0x9c
[  543.740399][ T4324]  xfrm_alloc_userspi+0x4d2/0xc10
[  543.741165][ T4324]  xfrm_user_rcv_msg+0x3d6/0x998
[  543.741905][ T4324]  netlink_rcv_skb+0x206/0x3bc
[  543.742723][ T4324] page last free pid 3811 tgid 3811 stack trace:
[  543.743475][ T4324]  __reset_page_owner+0x74/0x1dc
[  543.744300][ T4324]  __free_frozen_pages+0x96c/0x1e64
[  543.745113][ T4324]  free_frozen_pages+0xe/0x18
[  543.745911][ T4324]  __free_slab+0xb6/0x1bc
[  543.746623][ T4324]  free_slab+0x24/0x184
[  543.747363][ T4324]  __put_partials+0x168/0x1d8
[  543.748122][ T4324]  put_cpu_partial+0x170/0x29c
[  543.748894][ T4324]  __slab_free+0x2b2/0x408
[  543.749652][ T4324]  ___cache_free+0x19c/0x224
[  543.750469][ T4324]  qlist_free_all+0x68/0x160
[  543.751251][ T4324]  kasan_quarantine_reduce+0x160/0x1e8
[  543.752077][ T4324]  __kasan_slab_alloc+0x5e/0x80
[  543.752830][ T4324]  __kmalloc_noprof+0x178/0x678
[  543.753614][ T4324]  tomoyo_encode2+0x10e/0x37c
[  543.754450][ T4324]  tomoyo_realpath_from_path+0x170/0x5ec
[  543.755323][ T4324]  tomoyo_path_perm+0x280/0x460
[  543.756282][ T4324] 
[  543.756729][ T4324] Memory state around the buggy address:
[  543.757717][ T4324]  ffffaf808f889d80: fc fc fc fc fc fc fc fc fa fb fb fb fb fb fb fb
[  543.758684][ T4324]  ffffaf808f889e00: fb fb fb fb fb fb fb fb fb fb fb fb fb fb fb fb
[  543.759596][ T4324] >ffffaf808f889e80: fb fb fb fb fb fb fb fb fb fb fb fb fb fb fb fb
[  543.760619][ T4324]                    ^
[  543.761331][ T4324]  ffffaf808f889f00: fb fb fb fb fb fb fb fb fb fb fb fb fb fb fb fb
[  543.762187][ T4324]  ffffaf808f889f80: fb fb fb fb fb fb fb fb fb fb fb fb fb fb fb fb
[  543.763066][ T4324] ==================================================================
[  543.765677][ T4324] Kernel panic - not syncing: KASAN: panic_on_warn set ...
[  543.767175][ T4324] CPU: 0 UID: 0 PID: 4324 Comm: syz.2.185 Not tainted 6.17.0-rc1-g0b0ca959d206 #1 PREEMPT 
[  543.768220][ T4324] Hardware name: riscv-virtio,qemu (DT)
[  543.768898][ T4324] Call Trace:
[  543.769437][ T4324] [<ffffffff80079826>] dump_backtrace+0x32/0x3c
[  543.770527][ T4324] [<ffffffff80003294>] show_stack+0x30/0x3c
[  543.771442][ T4324] [<ffffffff80060756>] dump_stack_lvl+0x11a/0x1b0
[  543.772400][ T4324] [<ffffffff80060808>] dump_stack+0x1c/0x28
[  543.773326][ T4324] [<ffffffff80003bce>] vpanic+0x35e/0x720
[  543.774173][ T4324] [<ffffffff80004030>] panic+0xa0/0xa4
[  543.774974][ T4324] [<ffffffff80148888>] check_panic_on_warn+0xc0/0xe4
[  543.775856][ T4324] [<ffffffff8000efb4>] end_report.part.0+0x4c/0xb0
[  543.776794][ T4324] [<ffffffff80b37d52>] kasan_report+0x166/0x210
[  543.777667][ T4324] [<ffffffff80b39cca>] __asan_report_load4_noabort+0x12/0x1c
[  543.778767][ T4324] [<ffffffff85a4129e>] xfrm_alloc_spi+0xe16/0x10f8
[  543.779695][ T4324] [<ffffffff85a9b3ce>] xfrm_alloc_userspi+0x526/0xc10
[  543.780668][ T4324] [<ffffffff85a883ea>] xfrm_user_rcv_msg+0x3d6/0x998
[  543.781560][ T4324] [<ffffffff85461d1a>] netlink_rcv_skb+0x206/0x3bc
[  543.782466][ T4324] [<ffffffff85a851be>] xfrm_netlink_rcv+0x7a/0xa4
[  543.783376][ T4324] [<ffffffff854600fe>] netlink_unicast+0x51a/0x7ec
[  543.784284][ T4324] [<ffffffff85460bac>] netlink_sendmsg+0x7dc/0xdac
[  543.785178][ T4324] [<ffffffff84ff6246>] __sock_sendmsg+0xca/0x160
[  543.786100][ T4324] [<ffffffff84ff6cc2>] ____sys_sendmsg+0x62e/0x78c
[  543.787041][ T4324] [<ffffffff84ffb524>] ___sys_sendmsg+0x1a4/0x1e8
[  543.787953][ T4324] [<ffffffff850023de>] __sys_sendmsg+0x192/0x238
[  543.788906][ T4324] [<ffffffff850024f2>] __riscv_sys_sendmsg+0x6e/0xb0
[  543.789935][ T4324] [<ffffffff8007745a>] syscall_handler+0x96/0x128
[  543.790862][ T4324] [<ffffffff86276782>] do_trap_ecall_u+0x396/0x5d0
[  543.791817][ T4324] [<ffffffff862a0bc2>] handle_exception+0x146/0x152
[  543.793051][ T4324] SMP: stopping secondary CPUs
[  543.795258][ T4324] Rebooting in 86400 seconds..

VM DIAGNOSIS:
04:24:38  Registers:
info registers vcpu 0
 pc       ffffffff80079810
 mhartid  0000000000000000
 mstatus  0000000a000000a0
 mip      00000000000000a0
 mie      000000000000022a
 mideleg  0000000000000222
 medeleg  000000000000b109
 mtvec    0000000080000520
 stvec    ffffffff862a0a7c
 mepc     ffffffff804830da
 sepc     000000000008b544
 mcause   8000000000000007
 scause   0000000000000008
 mtval    0000000000000000
 stval    0000000000000000
 mscratch 000000008001a000
 sscratch 0000000000000000
 satp     901eb00000109c62
 x0/zero  0000000000000000 x1/ra    ffffffff80079810 x2/sp    ffff8f8001136cf0 x3/gp    ffffffff89cdcd80
 x4/tp    ffffaf808d0e3480 x5/t0    0000000000000000 x6/t1    fffff5ef1fba24ea x7/t2    756d65712c6f6974
 x8/s0    ffff8f8001136d20 x9/s1    0000000000000000 x10/a0   0000000000000000 x11/a1   0000000000000000
 x12/a2   ffffffff87c61cf8 x13/a3   0000000000000002 x14/a4   0000000000000000 x15/a5   ffffaf808d0e4480
 x16/a6   0000000000000003 x17/a7   ffffaf80fdd12753 x18/s2   0000000000000000 x19/s3   0000000000000000
 x20/s4   ffffffff87c61cf8 x21/s5   000000010f889e84 x22/s6   ffffffff87e11920 x23/s7   0000000000000033
 x24/s8   ffffaf8091e4b1c0 x25/s9   fffff5ef123c967c x26/s10  ffffaf808f889dc0 x27/s11  ffff8f8001136fe0
 x28/t3   fffffffff3000000 x29/t4   fffff5ef1fba24ea x30/t5   fffff5ef1fba24eb x31/t6   ffff8f80011365b8
 f0/ft0   0000000000000000 f1/ft1   0000000000000000 f2/ft2   0000000000000000 f3/ft3   0000000000000000
 f4/ft4   0000000000000000 f5/ft5   0000000000000000 f6/ft6   0000000000000000 f7/ft7   0000000000000000
 f8/fs0   0000000000000000 f9/fs1   0000000000000000 f10/fa0  0000000000000000 f11/fa1  0000000000000000
 f12/fa2  0000000000000000 f13/fa3  0000000000000000 f14/fa4  0000000000000000 f15/fa5  0000000000000000
 f16/fa6  0000000000000000 f17/fa7  0000000000000000 f18/fs2  0000000000000000 f19/fs3  0000000000000000
 f20/fs4  0000000000000000 f21/fs5  0000000000000000 f22/fs6  0000000000000000 f23/fs7  0000000000000000
 f24/fs8  0000000000000000 f25/fs9  0000000000000000 f26/fs10 0000000000000000 f27/fs11 0000000000000000
 f28/ft8  0000000000000000 f29/ft9  0000000000000000 f30/ft10 0000000000000000 f31/ft11 0000000000000000
info registers vcpu 1
 pc       ffffffff80068600
 mhartid  0000000000000001
 mstatus  0000000a000000a0
 mip      0000000000000000
 mie      00000000000002aa
 mideleg  0000000000000222
 medeleg  000000000000b109
 mtvec    0000000080000520
 stvec    ffffffff862a0a7c
 mepc     ffffffff8008fe5c
 sepc     00000000000f8fa2
 mcause   0000000000000009
 scause   0000000000000008
 mtval    0000000000000000
 stval    0000000000000000
 mscratch 0000000080018000
 sscratch 0000000000000000
 satp     90106000001101e0
 x0/zero  0000000000000000 x1/ra    ffffffff800685f8 x2/sp    ffff8f8000157d30 x3/gp    ffffffff89cdcd80
 x4/tp    ffffaf8081e84ec0 x5/t0    00000000000000c8 x6/t1    fffff5ef1fba8762 x7/t2    000000000000001f
 x8/s0    ffff8f8000157d40 x9/s1    ffffffff802945b4 x10/a0   0000000000000001 x11/a1   0000000000000001
 x12/a2   0000000000001000 x13/a3   0000000000000002 x14/a4   0000000000000000 x15/a5   ffffaf8081e85ec0
 x16/a6   0000000000000001 x17/a7   ffffaf80fdd43b13 x18/s2   dfffffff00000000 x19/s3   0000000000000001
 x20/s4   fffffffef13bd758 x21/s5   1ffff1f00002afb4 x22/s6   0000000000000007 x23/s7   0000000000000001
 x24/s8   ffff8f8000157e00 x25/s9   0000000000000000 x26/s10  0000000000000000 x27/s11  0000000000000000
 x28/t3   0000000000000001 x29/t4   fffff5ef1fba8762 x30/t5   fffff5ef1fba8763 x31/t6   0000000000000000
 f0/ft0   0000000000000000 f1/ft1   0000000000000000 f2/ft2   0000000000000000 f3/ft3   0000000000000000
 f4/ft4   0000000000000000 f5/ft5   0000000000000000 f6/ft6   0000000000000000 f7/ft7   0000000000000000
 f8/fs0   0000000000000000 f9/fs1   0000000000000000 f10/fa0  0000000000000000 f11/fa1  0000000000000000
 f12/fa2  0000000000000000 f13/fa3  0000000000000000 f14/fa4  0000000000000000 f15/fa5  0000000000000000
 f16/fa6  0000000000000000 f17/fa7  0000000000000000 f18/fs2  0000000000000000 f19/fs3  0000000000000000
 f20/fs4  0000000000000000 f21/fs5  0000000000000000 f22/fs6  0000000000000000 f23/fs7  0000000000000000
 f24/fs8  0000000000000000 f25/fs9  0000000000000000 f26/fs10 0000000000000000 f27/fs11 0000000000000000
 f28/ft8  0000000000000000 f29/ft9  0000000000000000 f30/ft10 0000000000000000 f31/ft11 0000000000000000
